Archive member included to satisfy reference by file (symbol)

d:/stm32/gcc-arm-none-eabi-9-2019-q4-major-win32/bin/../lib/gcc/arm-none-eabi/9.2.1/../../../../arm-none-eabi/lib/thumb/v7-m/nofp\libg.a(lib_a-errno.o)
                              CMakeFiles/SGP30.elf.dir/Src/syscalls.c.obj (__errno)
d:/stm32/gcc-arm-none-eabi-9-2019-q4-major-win32/bin/../lib/gcc/arm-none-eabi/9.2.1/../../../../arm-none-eabi/lib/thumb/v7-m/nofp\libg.a(lib_a-exit.o)
                              d:/stm32/gcc-arm-none-eabi-9-2019-q4-major-win32/bin/../lib/gcc/arm-none-eabi/9.2.1/../../../../arm-none-eabi/lib/thumb/v7-m/nofp/crt0.o (exit)
d:/stm32/gcc-arm-none-eabi-9-2019-q4-major-win32/bin/../lib/gcc/arm-none-eabi/9.2.1/../../../../arm-none-eabi/lib/thumb/v7-m/nofp\libg.a(lib_a-impure.o)
                              d:/stm32/gcc-arm-none-eabi-9-2019-q4-major-win32/bin/../lib/gcc/arm-none-eabi/9.2.1/../../../../arm-none-eabi/lib/thumb/v7-m/nofp\libg.a(lib_a-exit.o) (_global_impure_ptr)
d:/stm32/gcc-arm-none-eabi-9-2019-q4-major-win32/bin/../lib/gcc/arm-none-eabi/9.2.1/../../../../arm-none-eabi/lib/thumb/v7-m/nofp\libg.a(lib_a-init.o)
                              d:/stm32/gcc-arm-none-eabi-9-2019-q4-major-win32/bin/../lib/gcc/arm-none-eabi/9.2.1/../../../../arm-none-eabi/lib/thumb/v7-m/nofp/crt0.o (__libc_init_array)
d:/stm32/gcc-arm-none-eabi-9-2019-q4-major-win32/bin/../lib/gcc/arm-none-eabi/9.2.1/../../../../arm-none-eabi/lib/thumb/v7-m/nofp\libg.a(lib_a-memset.o)
                              d:/stm32/gcc-arm-none-eabi-9-2019-q4-major-win32/bin/../lib/gcc/arm-none-eabi/9.2.1/../../../../arm-none-eabi/lib/thumb/v7-m/nofp/crt0.o (memset)
d:/stm32/gcc-arm-none-eabi-9-2019-q4-major-win32/bin/../lib/gcc/arm-none-eabi/9.2.1/../../../../arm-none-eabi/lib/thumb/v7-m/nofp\libg.a(lib_a-printf.o)
                              CMakeFiles/SGP30.elf.dir/Src/main.c.obj (printf)
d:/stm32/gcc-arm-none-eabi-9-2019-q4-major-win32/bin/../lib/gcc/arm-none-eabi/9.2.1/../../../../arm-none-eabi/lib/thumb/v7-m/nofp\libg.a(lib_a-vfprintf.o)
                              d:/stm32/gcc-arm-none-eabi-9-2019-q4-major-win32/bin/../lib/gcc/arm-none-eabi/9.2.1/../../../../arm-none-eabi/lib/thumb/v7-m/nofp\libg.a(lib_a-printf.o) (_vfprintf_r)
d:/stm32/gcc-arm-none-eabi-9-2019-q4-major-win32/bin/../lib/gcc/arm-none-eabi/9.2.1/../../../../arm-none-eabi/lib/thumb/v7-m/nofp\libg.a(lib_a-wsetup.o)
                              d:/stm32/gcc-arm-none-eabi-9-2019-q4-major-win32/bin/../lib/gcc/arm-none-eabi/9.2.1/../../../../arm-none-eabi/lib/thumb/v7-m/nofp\libg.a(lib_a-vfprintf.o) (__swsetup_r)
d:/stm32/gcc-arm-none-eabi-9-2019-q4-major-win32/bin/../lib/gcc/arm-none-eabi/9.2.1/../../../../arm-none-eabi/lib/thumb/v7-m/nofp\libg.a(lib_a-__call_atexit.o)
                              d:/stm32/gcc-arm-none-eabi-9-2019-q4-major-win32/bin/../lib/gcc/arm-none-eabi/9.2.1/../../../../arm-none-eabi/lib/thumb/v7-m/nofp\libg.a(lib_a-exit.o) (__call_exitprocs)
d:/stm32/gcc-arm-none-eabi-9-2019-q4-major-win32/bin/../lib/gcc/arm-none-eabi/9.2.1/../../../../arm-none-eabi/lib/thumb/v7-m/nofp\libg.a(lib_a-atexit.o)
                              d:/stm32/gcc-arm-none-eabi-9-2019-q4-major-win32/bin/../lib/gcc/arm-none-eabi/9.2.1/../../../../arm-none-eabi/lib/thumb/v7-m/nofp\libg.a(lib_a-__call_atexit.o) (atexit)
d:/stm32/gcc-arm-none-eabi-9-2019-q4-major-win32/bin/../lib/gcc/arm-none-eabi/9.2.1/../../../../arm-none-eabi/lib/thumb/v7-m/nofp\libg.a(lib_a-dtoa.o)
                              d:/stm32/gcc-arm-none-eabi-9-2019-q4-major-win32/bin/../lib/gcc/arm-none-eabi/9.2.1/../../../../arm-none-eabi/lib/thumb/v7-m/nofp\libg.a(lib_a-vfprintf.o) (_dtoa_r)
d:/stm32/gcc-arm-none-eabi-9-2019-q4-major-win32/bin/../lib/gcc/arm-none-eabi/9.2.1/../../../../arm-none-eabi/lib/thumb/v7-m/nofp\libg.a(lib_a-fflush.o)
                              d:/stm32/gcc-arm-none-eabi-9-2019-q4-major-win32/bin/../lib/gcc/arm-none-eabi/9.2.1/../../../../arm-none-eabi/lib/thumb/v7-m/nofp\libg.a(lib_a-vfprintf.o) (_fflush_r)
d:/stm32/gcc-arm-none-eabi-9-2019-q4-major-win32/bin/../lib/gcc/arm-none-eabi/9.2.1/../../../../arm-none-eabi/lib/thumb/v7-m/nofp\libg.a(lib_a-findfp.o)
                              d:/stm32/gcc-arm-none-eabi-9-2019-q4-major-win32/bin/../lib/gcc/arm-none-eabi/9.2.1/../../../../arm-none-eabi/lib/thumb/v7-m/nofp\libg.a(lib_a-vfprintf.o) (__sinit)
d:/stm32/gcc-arm-none-eabi-9-2019-q4-major-win32/bin/../lib/gcc/arm-none-eabi/9.2.1/../../../../arm-none-eabi/lib/thumb/v7-m/nofp\libg.a(lib_a-fini.o)
                              d:/stm32/gcc-arm-none-eabi-9-2019-q4-major-win32/bin/../lib/gcc/arm-none-eabi/9.2.1/../../../../arm-none-eabi/lib/thumb/v7-m/nofp\libg.a(lib_a-__call_atexit.o) (__libc_fini_array)
d:/stm32/gcc-arm-none-eabi-9-2019-q4-major-win32/bin/../lib/gcc/arm-none-eabi/9.2.1/../../../../arm-none-eabi/lib/thumb/v7-m/nofp\libg.a(lib_a-freer.o)
[...]
Memory Configuration

Name             Origin             Length             Attributes
RAM              0x20000000         0x00010000         xrw
FLASH            0x08000000         0x00080000         xr
*default*        0x00000000         0xffffffff

Linker script and memory map

LOAD d:/stm32/gcc-arm-none-eabi-9-2019-q4-major-win32/bin/../lib/gcc/arm-none-eabi/9.2.1/thumb/v7-m/nofp/crti.o
LOAD d:/stm32/gcc-arm-none-eabi-9-2019-q4-major-win32/bin/../lib/gcc/arm-none-eabi/9.2.1/thumb/v7-m/nofp/crtbegin.o
LOAD d:/stm32/gcc-arm-none-eabi-9-2019-q4-major-win32/bin/../lib/gcc/arm-none-eabi/9.2.1/../../../../arm-none-eabi/lib/thumb/v7-m/nofp/crt0.o
LOAD CMakeFiles/SGP30.elf.dir/Drivers/STM32F1xx_HAL_Driver/Src/stm32f1xx_hal.c.obj
LOAD CMakeFiles/SGP30.elf.dir/Drivers/STM32F1xx_HAL_Driver/Src/stm32f1xx_hal_cortex.c.obj
LOAD CMakeFiles/SGP30.elf.dir/Drivers/STM32F1xx_HAL_Driver/Src/stm32f1xx_hal_dma.c.obj
LOAD CMakeFiles/SGP30.elf.dir/Drivers/STM32F1xx_HAL_Driver/Src/stm32f1xx_hal_exti.c.obj
LOAD CMakeFiles/SGP30.elf.dir/Drivers/STM32F1xx_HAL_Driver/Src/stm32f1xx_hal_flash.c.obj
LOAD CMakeFiles/SGP30.elf.dir/Drivers/STM32F1xx_HAL_Driver/Src/stm32f1xx_hal_flash_ex.c.obj
LOAD CMakeFiles/SGP30.elf.dir/Drivers/STM32F1xx_HAL_Driver/Src/stm32f1xx_hal_gpio.c.obj
LOAD CMakeFiles/SGP30.elf.dir/Drivers/STM32F1xx_HAL_Driver/Src/stm32f1xx_hal_gpio_ex.c.obj
LOAD CMakeFiles/SGP30.elf.dir/Drivers/STM32F1xx_HAL_Driver/Src/stm32f1xx_hal_i2c.c.obj
LOAD CMakeFiles/SGP30.elf.dir/Drivers/STM32F1xx_HAL_Driver/Src/stm32f1xx_hal_pwr.c.obj
LOAD CMakeFiles/SGP30.elf.dir/Drivers/STM32F1xx_HAL_Driver/Src/stm32f1xx_hal_rcc.c.obj
LOAD CMakeFiles/SGP30.elf.dir/Drivers/STM32F1xx_HAL_Driver/Src/stm32f1xx_hal_rcc_ex.c.obj
LOAD CMakeFiles/SGP30.elf.dir/Drivers/STM32F1xx_HAL_Driver/Src/stm32f1xx_hal_rtc.c.obj
LOAD CMakeFiles/SGP30.elf.dir/Drivers/STM32F1xx_HAL_Driver/Src/stm32f1xx_hal_rtc_ex.c.obj
LOAD CMakeFiles/SGP30.elf.dir/Drivers/STM32F1xx_HAL_Driver/Src/stm32f1xx_hal_tim.c.obj
LOAD CMakeFiles/SGP30.elf.dir/Drivers/STM32F1xx_HAL_Driver/Src/stm32f1xx_hal_tim_ex.c.obj
LOAD CMakeFiles/SGP30.elf.dir/Drivers/STM32F1xx_HAL_Driver/Src/stm32f1xx_hal_uart.c.obj
LOAD CMakeFiles/SGP30.elf.dir/Src/delay.c.obj
LOAD CMakeFiles/SGP30.elf.dir/Src/dht11.c.obj
LOAD CMakeFiles/SGP30.elf.dir/Src/gpio.c.obj
LOAD CMakeFiles/SGP30.elf.dir/Src/i2c.c.obj
LOAD CMakeFiles/SGP30.elf.dir/Src/main.c.obj
LOAD CMakeFiles/SGP30.elf.dir/Src/rtc.c.obj
LOAD CMakeFiles/SGP30.elf.dir/Src/sgp30.c.obj
LOAD CMakeFiles/SGP30.elf.dir/Src/stm32f1xx_hal_msp.c.obj
LOAD CMakeFiles/SGP30.elf.dir/Src/stm32f1xx_it.c.obj
LOAD CMakeFiles/SGP30.elf.dir/Src/syscalls.c.obj
LOAD CMakeFiles/SGP30.elf.dir/Src/system_stm32f1xx.c.obj
LOAD CMakeFiles/SGP30.elf.dir/Src/tim.c.obj
LOAD CMakeFiles/SGP30.elf.dir/Src/usart.c.obj
LOAD CMakeFiles/SGP30.elf.dir/startup/startup_stm32f103xe.s.obj
START GROUP
LOAD d:/stm32/gcc-arm-none-eabi-9-2019-q4-major-win32/bin/../lib/gcc/arm-none-eabi/9.2.1/thumb/v7-m/nofp\libgcc.a
LOAD d:/stm32/gcc-arm-none-eabi-9-2019-q4-major-win32/bin/../lib/gcc/arm-none-eabi/9.2.1/../../../../arm-none-eabi/lib/thumb/v7-m/nofp\libg.a
LOAD d:/stm32/gcc-arm-none-eabi-9-2019-q4-major-win32/bin/../lib/gcc/arm-none-eabi/9.2.1/../../../../arm-none-eabi/lib/thumb/v7-m/nofp\libc.a
END GROUP
LOAD d:/stm32/gcc-arm-none-eabi-9-2019-q4-major-win32/bin/../lib/gcc/arm-none-eabi/9.2.1/thumb/v7-m/nofp/crtend.o
LOAD d:/stm32/gcc-arm-none-eabi-9-2019-q4-major-win32/bin/../lib/gcc/arm-none-eabi/9.2.1/thumb/v7-m/nofp/crtn.o
                0x20010000                _estack = (ORIGIN (RAM) + LENGTH (RAM))
                0x00000200                _Min_Heap_Size = 0x200
                0x00000400                _Min_Stack_Size = 0x400

.isr_vector     0x08000000      0x1e4
                0x08000000                . = ALIGN (0x4)
 *(.isr_vector)
 .isr_vector    0x08000000      0x1e4 CMakeFiles/SGP30.elf.dir/startup/startup_stm32f103xe.s.obj
                0x08000000                g_pfnVectors
                0x080001e4                . = ALIGN (0x4)

.text           0x080001e8     0x79dc
                0x080001e8                . = ALIGN (0x4)
 *(.text)
 .text          0x080001e8       0x40 d:/stm32/gcc-arm-none-eabi-9-2019-q4-major-win32/bin/../lib/gcc/arm-none-eabi/9.2.1/thumb/v7-m/nofp/crtbegin.o
 .text          0x08000228       0xec d:/stm32/gcc-arm-none-eabi-9-2019-q4-major-win32/bin/../lib/gcc/arm-none-eabi/9.2.1/../../../../arm-none-eabi/lib/thumb/v7-m/nofp\libg.a(lib_a-memcpy.o)
                0x08000228                memcpy
 .text          0x08000314      0x378 d:/stm32/gcc-arm-none-eabi-9-2019-q4-major-win32/bin/../lib/gcc/arm-none-eabi/9.2.1/thumb/v7-m/nofp\libgcc.a(_arm_addsubdf3.o)
                0x08000314                __aeabi_drsub
                0x0800031c                __aeabi_dsub
                0x0800031c                __subdf3
                0x08000320                __aeabi_dadd
                0x08000320                __adddf3
                0x08000598                __floatunsidf
                0x08000598                __aeabi_ui2d
                0x080005b8                __floatsidf
                0x080005b8                __aeabi_i2d
                0x080005dc                __aeabi_f2d
                0x080005dc                __extendsfdf2
                0x08000620                __floatundidf
                0x08000620                __aeabi_ul2d
                0x08000630                __floatdidf
                0x08000630                __aeabi_l2d
 .text          0x0800068c      0x424 d:/stm32/gcc-arm-none-eabi-9-2019-q4-major-win32/bin/../lib/gcc/arm-none-eabi/9.2.1/thumb/v7-m/nofp\libgcc.a(_arm_muldivdf3.o)
                0x0800068c                __aeabi_dmul
                0x0800068c                __muldf3
                0x080008e0                __divdf3
                0x080008e0                __aeabi_ddiv
 .text          0x08000ab0      0x110 d:/stm32/gcc-arm-none-eabi-9-2019-q4-major-win32/bin/../lib/gcc/arm-none-eabi/9.2.1/thumb/v7-m/nofp\libgcc.a(_arm_cmpdf2.o)
                0x08000ab0                __gtdf2
                0x08000ab0                __gedf2
                0x08000ab8                __ltdf2
                0x08000ab8                __ledf2
                0x08000ac0                __nedf2
                0x08000ac0                __eqdf2
                0x08000ac0                __cmpdf2
                0x08000b3c                __aeabi_cdrcmple
                0x08000b4c                __aeabi_cdcmpeq
                0x08000b4c                __aeabi_cdcmple
                0x08000b5c                __aeabi_dcmpeq
                0x08000b70                __aeabi_dcmplt
                0x08000b84                __aeabi_dcmple
                0x08000b98                __aeabi_dcmpge
                0x08000bac                __aeabi_dcmpgt
 .text          0x08000bc0       0x2c d:/stm32/gcc-arm-none-eabi-9-2019-q4-major-win32/bin/../lib/gcc/arm-none-eabi/9.2.1/thumb/v7-m/nofp\libgcc.a(_arm_unorddf2.o)
                0x08000bc0                __unorddf2
                0x08000bc0                __aeabi_dcmpun
 .text          0x08000bec       0x50 d:/stm32/gcc-arm-none-eabi-9-2019-q4-major-win32/bin/../lib/gcc/arm-none-eabi/9.2.1/thumb/v7-m/nofp\libgcc.a(_arm_fixdfsi.o)
                0x08000bec                __aeabi_d2iz
                0x08000bec                __fixdfsi
 .text          0x08000c3c       0x30 d:/stm32/gcc-arm-none-eabi-9-2019-q4-major-win32/bin/../lib/gcc/arm-none-eabi/9.2.1/thumb/v7-m/nofp\libgcc.a(_aeabi_uldivmod.o)
                0x08000c3c                __aeabi_uldivmod
 .text          0x08000c6c      0x2c4 d:/stm32/gcc-arm-none-eabi-9-2019-q4-major-win32/bin/../lib/gcc/arm-none-eabi/9.2.1/thumb/v7-m/nofp\libgcc.a(_udivmoddi4.o)
                0x08000c6c                __udivmoddi4
 .text          0x08000f30        0x4 d:/stm32/gcc-arm-none-eabi-9-2019-q4-major-win32/bin/../lib/gcc/arm-none-eabi/9.2.1/thumb/v7-m/nofp\libgcc.a(_dvmd_tls.o)
                0x08000f30                __aeabi_idiv0
                0x08000f30                __aeabi_ldiv0
 *(.text*)
 .text.HAL_InitTick
                0x08000f34       0x4c CMakeFiles/SGP30.elf.dir/Drivers/STM32F1xx_HAL_Driver/Src/stm32f1xx_hal.c.obj
                0x08000f34                HAL_InitTick
 .text.HAL_Init
                0x08000f80       0x24 CMakeFiles/SGP30.elf.dir/Drivers/STM32F1xx_HAL_Driver/Src/stm32f1xx_hal.c.obj
                0x08000f80                HAL_Init
 .text.HAL_IncTick
                0x08000fa4       0x18 CMakeFiles/SGP30.elf.dir/Drivers/STM32F1xx_HAL_Driver/Src/stm32f1xx_hal.c.obj
                0x08000fa4                HAL_IncTick
 .text.HAL_GetTick
                0x08000fbc        0xc CMakeFiles/SGP30.elf.dir/Drivers/STM32F1xx_HAL_Driver/Src/stm32f1xx_hal.c.obj
                0x08000fbc                HAL_GetTick
 .text.HAL_NVIC_SetPriorityGrouping
                0x08000fc8       0x24 CMakeFiles/SGP30.elf.dir/Drivers/STM32F1xx_HAL_Driver/Src/stm32f1xx_hal_cortex.c.obj
                0x08000fc8                HAL_NVIC_SetPriorityGrouping
 .text.HAL_NVIC_SetPriority
                0x08000fec       0x68 CMakeFiles/SGP30.elf.dir/Drivers/STM32F1xx_HAL_Driver/Src/stm32f1xx_hal_cortex.c.obj
                0x08000fec                HAL_NVIC_SetPriority
 .text.HAL_SYSTICK_Config
                0x08001054       0x2c CMakeFiles/SGP30.elf.dir/Drivers/STM32F1xx_HAL_Driver/Src/stm32f1xx_hal_cortex.c.obj
                0x08001054                HAL_SYSTICK_Config
 .text.HAL_GPIO_Init
                0x08001080      0x238 CMakeFiles/SGP30.elf.dir/Drivers/STM32F1xx_HAL_Driver/Src/stm32f1xx_hal_gpio.c.obj
                0x08001080                HAL_GPIO_Init
 .text.HAL_GPIO_ReadPin
                0x080012b8        0xe CMakeFiles/SGP30.elf.dir/Drivers/STM32F1xx_HAL_Driver/Src/stm32f1xx_hal_gpio.c.obj
                0x080012b8                HAL_GPIO_ReadPin
 .text.HAL_GPIO_WritePin
                0x080012c6        0xc CMakeFiles/SGP30.elf.dir/Drivers/STM32F1xx_HAL_Driver/Src/stm32f1xx_hal_gpio.c.obj
                0x080012c6                HAL_GPIO_WritePin
 *fill*         0x080012d2        0x2 
 .text.HAL_I2C_Init
                0x080012d4      0x1bc CMakeFiles/SGP30.elf.dir/Drivers/STM32F1xx_HAL_Driver/Src/stm32f1xx_hal_i2c.c.obj
                0x080012d4                HAL_I2C_Init
 .text.HAL_PWR_EnableBkUpAccess
                0x08001490        0xc CMakeFiles/SGP30.elf.dir/Drivers/STM32F1xx_HAL_Driver/Src/stm32f1xx_hal_pwr.c.obj
                0x08001490                HAL_PWR_EnableBkUpAccess
 .text.RCC_Delay
                0x0800149c       0x2c CMakeFiles/SGP30.elf.dir/Drivers/STM32F1xx_HAL_Driver/Src/stm32f1xx_hal_rcc.c.obj
 .text.HAL_RCC_OscConfig
                0x080014c8      0x410 CMakeFiles/SGP30.elf.dir/Drivers/STM32F1xx_HAL_Driver/Src/stm32f1xx_hal_rcc.c.obj
                0x080014c8                HAL_RCC_OscConfig
 .text.HAL_RCC_GetSysClockFreq
                0x080018d8       0x54 CMakeFiles/SGP30.elf.dir/Drivers/STM32F1xx_HAL_Driver/Src/stm32f1xx_hal_rcc.c.obj
                0x080018d8                HAL_RCC_GetSysClockFreq
 .text.HAL_RCC_ClockConfig
                0x0800192c      0x16c CMakeFiles/SGP30.elf.dir/Drivers/STM32F1xx_HAL_Driver/Src/stm32f1xx_hal_rcc.c.obj
                0x0800192c                HAL_RCC_ClockConfig
 .text.HAL_RCC_GetHCLKFreq
                0x08001a98        0xc CMakeFiles/SGP30.elf.dir/Drivers/STM32F1xx_HAL_Driver/Src/stm32f1xx_hal_rcc.c.obj
                0x08001a98                HAL_RCC_GetHCLKFreq
 .text.HAL_RCC_GetPCLK1Freq
                0x08001aa4       0x20 CMakeFiles/SGP30.elf.dir/Drivers/STM32F1xx_HAL_Driver/Src/stm32f1xx_hal_rcc.c.obj
                0x08001aa4                HAL_RCC_GetPCLK1Freq
 .text.HAL_RCC_GetPCLK2Freq
                0x08001ac4       0x20 CMakeFiles/SGP30.elf.dir/Drivers/STM32F1xx_HAL_Driver/Src/stm32f1xx_hal_rcc.c.obj
                0x08001ac4                HAL_RCC_GetPCLK2Freq
 .text.HAL_RCCEx_PeriphCLKConfig
                0x08001ae4      0x114 CMakeFiles/SGP30.elf.dir/Drivers/STM32F1xx_HAL_Driver/Src/stm32f1xx_hal_rcc_ex.c.obj
                0x08001ae4                HAL_RCCEx_PeriphCLKConfig
 .text.HAL_RCCEx_GetPeriphCLKFreq
                0x08001bf8       0xf4 CMakeFiles/SGP30.elf.dir/Drivers/STM32F1xx_HAL_Driver/Src/stm32f1xx_hal_rcc_ex.c.obj
                0x08001bf8                HAL_RCCEx_GetPeriphCLKFreq
 .text.RTC_EnterInitMode
                0x08001cec       0x30 CMakeFiles/SGP30.elf.dir/Drivers/STM32F1xx_HAL_Driver/Src/stm32f1xx_hal_rtc.c.obj
 .text.RTC_ExitInitMode
                0x08001d1c       0x32 CMakeFiles/SGP30.elf.dir/Drivers/STM32F1xx_HAL_Driver/Src/stm32f1xx_hal_rtc.c.obj
 .text.HAL_RTC_WaitForSynchro
                0x08001d4e       0x38 CMakeFiles/SGP30.elf.dir/Drivers/STM32F1xx_HAL_Driver/Src/stm32f1xx_hal_rtc.c.obj
                0x08001d4e                HAL_RTC_WaitForSynchro
 *fill*         0x08001d86        0x2 
 .text.HAL_RTC_Init
                0x08001d88       0xb0 CMakeFiles/SGP30.elf.dir/Drivers/STM32F1xx_HAL_Driver/Src/stm32f1xx_hal_rtc.c.obj
                0x08001d88                HAL_RTC_Init
 .text.UART_SetConfig
                0x08001e38       0x90 CMakeFiles/SGP30.elf.dir/Drivers/STM32F1xx_HAL_Driver/Src/stm32f1xx_hal_uart.c.obj
 .text.UART_WaitOnFlagUntilTimeout
                0x08001ec8       0x84 CMakeFiles/SGP30.elf.dir/Drivers/STM32F1xx_HAL_Driver/Src/stm32f1xx_hal_uart.c.obj
 .text.HAL_UART_Init
                0x08001f4c       0x60 CMakeFiles/SGP30.elf.dir/Drivers/STM32F1xx_HAL_Driver/Src/stm32f1xx_hal_uart.c.obj
                0x08001f4c                HAL_UART_Init
 .text.HAL_UART_Transmit
                0x08001fac       0xbe CMakeFiles/SGP30.elf.dir/Drivers/STM32F1xx_HAL_Driver/Src/stm32f1xx_hal_uart.c.obj
                0x08001fac                HAL_UART_Transmit
 *fill*         0x0800206a        0x2 
 .text.delay_init
                0x0800206c       0x34 CMakeFiles/SGP30.elf.dir/Src/delay.c.obj
                0x0800206c                delay_init
 .text.delay_us
                0x080020a0       0x3c CMakeFiles/SGP30.elf.dir/Src/delay.c.obj
                0x080020a0                delay_us
 .text.delay_ms
                0x080020dc       0x3c CMakeFiles/SGP30.elf.dir/Src/delay.c.obj
                0x080020dc                delay_ms
 .text.DHT11_IO_OUT
                0x08002118       0x3c CMakeFiles/SGP30.elf.dir/Src/dht11.c.obj
                0x08002118                DHT11_IO_OUT
 .text.DHT11_IO_IN
                0x08002154       0x38 CMakeFiles/SGP30.elf.dir/Src/dht11.c.obj
                0x08002154                DHT11_IO_IN
 .text.DHT11_ReSet
                0x0800218c       0x34 CMakeFiles/SGP30.elf.dir/Src/dht11.c.obj
                0x0800218c                DHT11_ReSet
 .text.DHT11_Check
                0x080021c0       0x1c CMakeFiles/SGP30.elf.dir/Src/dht11.c.obj
                0x080021c0                DHT11_Check
 .text.DHT11_Read_Bit
                0x080021dc       0x1e CMakeFiles/SGP30.elf.dir/Src/dht11.c.obj
                0x080021dc                DHT11_Read_Bit
 .text.DHT11_Read_Byte
                0x080021fa       0x1e CMakeFiles/SGP30.elf.dir/Src/dht11.c.obj
                0x080021fa                DHT11_Read_Byte
 .text.Read_DHT_Data
                0x08002218       0x5e CMakeFiles/SGP30.elf.dir/Src/dht11.c.obj
                0x08002218                Read_DHT_Data
 .text.DHT11_Init
                0x08002276        0xc CMakeFiles/SGP30.elf.dir/Src/dht11.c.obj
                0x08002276                DHT11_Init
 *fill*         0x08002282        0x2 
 .text.MX_GPIO_Init
                0x08002284       0x30 CMakeFiles/SGP30.elf.dir/Src/gpio.c.obj
                0x08002284                MX_GPIO_Init
 .text.MX_I2C1_Init
                0x080022b4       0x3c CMakeFiles/SGP30.elf.dir/Src/i2c.c.obj
                0x080022b4                MX_I2C1_Init
 .text.MX_I2C2_Init
                0x080022f0       0x3c CMakeFiles/SGP30.elf.dir/Src/i2c.c.obj
                0x080022f0                MX_I2C2_Init
 .text.HAL_I2C_MspInit
                0x0800232c       0xc0 CMakeFiles/SGP30.elf.dir/Src/i2c.c.obj
                0x0800232c                HAL_I2C_MspInit
 .text.Error_Handler
                0x080023ec        0x4 CMakeFiles/SGP30.elf.dir/Src/main.c.obj
                0x080023ec                Error_Handler
 .text.SystemClock_Config
                0x080023f0       0x86 CMakeFiles/SGP30.elf.dir/Src/main.c.obj
                0x080023f0                SystemClock_Config
 *fill*         0x08002476        0x2 
 .text.main     0x08002478       0x98 CMakeFiles/SGP30.elf.dir/Src/main.c.obj
                0x08002478                main
 .text.MX_RTC_Init
                0x08002510       0x2c CMakeFiles/SGP30.elf.dir/Src/rtc.c.obj
                0x08002510                MX_RTC_Init
 .text.HAL_RTC_MspInit
                0x0800253c       0x40 CMakeFiles/SGP30.elf.dir/Src/rtc.c.obj
                0x0800253c                HAL_RTC_MspInit
 .text.SGP30_GPIO_Init
                0x0800257c       0x48 CMakeFiles/SGP30.elf.dir/Src/sgp30.c.obj
                0x0800257c                SGP30_GPIO_Init
 .text.SDA_OUT  0x080025c4       0x24 CMakeFiles/SGP30.elf.dir/Src/sgp30.c.obj
                0x080025c4                SDA_OUT
 .text.SDA_IN   0x080025e8       0x24 CMakeFiles/SGP30.elf.dir/Src/sgp30.c.obj
                0x080025e8                SDA_IN
 .text.SGP30_IIC_Start
                0x0800260c       0x44 CMakeFiles/SGP30.elf.dir/Src/sgp30.c.obj
                0x0800260c                SGP30_IIC_Start
 .text.SGP30_IIC_Stop
                0x08002650       0x44 CMakeFiles/SGP30.elf.dir/Src/sgp30.c.obj
                0x08002650                SGP30_IIC_Stop
 .text.SGP30_IIC_Wait_Ack
                0x08002694       0x60 CMakeFiles/SGP30.elf.dir/Src/sgp30.c.obj
                0x08002694                SGP30_IIC_Wait_Ack
 .text.SGP30_IIC_Ack
                0x080026f4       0x44 CMakeFiles/SGP30.elf.dir/Src/sgp30.c.obj
                0x080026f4                SGP30_IIC_Ack
 .text.SGP30_IIC_NAck
                0x08002738       0x44 CMakeFiles/SGP30.elf.dir/Src/sgp30.c.obj
                0x08002738                SGP30_IIC_NAck
 .text.SGP30_IIC_Send_Byte
                0x0800277c       0x74 CMakeFiles/SGP30.elf.dir/Src/sgp30.c.obj
                0x0800277c                SGP30_IIC_Send_Byte
 .text.SGP30_IIC_Read_Byte
                0x080027f0       0x64 CMakeFiles/SGP30.elf.dir/Src/sgp30.c.obj
                0x080027f0                SGP30_IIC_Read_Byte
 .text.SGP30_Write
                0x08002854       0x34 CMakeFiles/SGP30.elf.dir/Src/sgp30.c.obj
                0x08002854                SGP30_Write
 .text.SGP30_Init
                0x08002888       0x10 CMakeFiles/SGP30.elf.dir/Src/sgp30.c.obj
                0x08002888                SGP30_Init
 .text.SGP30_Read
                0x08002898       0x42 CMakeFiles/SGP30.elf.dir/Src/sgp30.c.obj
                0x08002898                SGP30_Read
 *fill*         0x080028da        0x2 
 .text.HAL_MspInit
                0x080028dc       0x44 CMakeFiles/SGP30.elf.dir/Src/stm32f1xx_hal_msp.c.obj
                0x080028dc                HAL_MspInit
 .text.NMI_Handler
                0x08002920        0x2 CMakeFiles/SGP30.elf.dir/Src/stm32f1xx_it.c.obj
                0x08002920                NMI_Handler
 .text.HardFault_Handler
                0x08002922        0x2 CMakeFiles/SGP30.elf.dir/Src/stm32f1xx_it.c.obj
                0x08002922                HardFault_Handler
 .text.MemManage_Handler
                0x08002924        0x2 CMakeFiles/SGP30.elf.dir/Src/stm32f1xx_it.c.obj
                0x08002924                MemManage_Handler
 .text.BusFault_Handler
                0x08002926        0x2 CMakeFiles/SGP30.elf.dir/Src/stm32f1xx_it.c.obj
                0x08002926                BusFault_Handler
 .text.UsageFault_Handler
                0x08002928        0x2 CMakeFiles/SGP30.elf.dir/Src/stm32f1xx_it.c.obj
                0x08002928                UsageFault_Handler
 .text.SVC_Handler
                0x0800292a        0x2 CMakeFiles/SGP30.elf.dir/Src/stm32f1xx_it.c.obj
                0x0800292a                SVC_Handler
 .text.DebugMon_Handler
                0x0800292c        0x2 CMakeFiles/SGP30.elf.dir/Src/stm32f1xx_it.c.obj
                0x0800292c                DebugMon_Handler
 .text.PendSV_Handler
                0x0800292e        0x2 CMakeFiles/SGP30.elf.dir/Src/stm32f1xx_it.c.obj
                0x0800292e                PendSV_Handler
 .text.SysTick_Handler
                0x08002930        0x8 CMakeFiles/SGP30.elf.dir/Src/stm32f1xx_it.c.obj
                0x08002930                SysTick_Handler
 .text._read    0x08002938       0x20 CMakeFiles/SGP30.elf.dir/Src/syscalls.c.obj
                0x08002938                _read
 .text._write   0x08002958       0x1c CMakeFiles/SGP30.elf.dir/Src/syscalls.c.obj
                0x08002958                _write
 .text._sbrk    0x08002974       0x3c CMakeFiles/SGP30.elf.dir/Src/syscalls.c.obj
                0x08002974                _sbrk
 .text._close   0x080029b0        0x6 CMakeFiles/SGP30.elf.dir/Src/syscalls.c.obj
                0x080029b0                _close
 .text._fstat   0x080029b6        0xa CMakeFiles/SGP30.elf.dir/Src/syscalls.c.obj
                0x080029b6                _fstat
 .text._isatty  0x080029c0        0x4 CMakeFiles/SGP30.elf.dir/Src/syscalls.c.obj
                0x080029c0                _isatty
 .text._lseek   0x080029c4        0x4 CMakeFiles/SGP30.elf.dir/Src/syscalls.c.obj
                0x080029c4                _lseek
 .text.SystemInit
                0x080029c8        0x2 CMakeFiles/SGP30.elf.dir/Src/system_stm32f1xx.c.obj
                0x080029c8                SystemInit
 *fill*         0x080029ca        0x2 
 .text.MX_USART1_UART_Init
                0x080029cc       0x34 CMakeFiles/SGP30.elf.dir/Src/usart.c.obj
                0x080029cc                MX_USART1_UART_Init
 .text.MX_USART2_UART_Init
                0x08002a00       0x34 CMakeFiles/SGP30.elf.dir/Src/usart.c.obj
                0x08002a00                MX_USART2_UART_Init
 .text.HAL_UART_MspInit
                0x08002a34       0xd4 CMakeFiles/SGP30.elf.dir/Src/usart.c.obj
                0x08002a34                HAL_UART_MspInit
 .text.__io_putchar
                0x08002b08       0x20 CMakeFiles/SGP30.elf.dir/Src/usart.c.obj
                0x08002b08                __io_putchar
 .text.Reset_Handler
                0x08002b28       0x48 CMakeFiles/SGP30.elf.dir/startup/startup_stm32f103xe.s.obj
                0x08002b28                Reset_Handler
 .text.Default_Handler
                0x08002b70        0x2 CMakeFiles/SGP30.elf.dir/startup/startup_stm32f103xe.s.obj
                0x08002b70                RTC_Alarm_IRQHandler
                0x08002b70                EXTI2_IRQHandler
                0x08002b70                TIM8_TRG_COM_IRQHandler
                0x08002b70                TIM8_CC_IRQHandler
                0x08002b70                TIM1_CC_IRQHandler
                0x08002b70                TIM6_IRQHandler
                0x08002b70                PVD_IRQHandler
                0x08002b70                SDIO_IRQHandler
                0x08002b70                EXTI3_IRQHandler
                0x08002b70                EXTI0_IRQHandler
                0x08002b70                I2C2_EV_IRQHandler
                0x08002b70                ADC1_2_IRQHandler
                0x08002b70                SPI1_IRQHandler
                0x08002b70                TAMPER_IRQHandler
                0x08002b70                TIM8_UP_IRQHandler
                0x08002b70                DMA2_Channel2_IRQHandler
                0x08002b70                DMA1_Channel4_IRQHandler
                0x08002b70                USART3_IRQHandler
                0x08002b70                RTC_IRQHandler
                0x08002b70                DMA1_Channel7_IRQHandler
                0x08002b70                CAN1_RX1_IRQHandler
                0x08002b70                UART5_IRQHandler
                0x08002b70                ADC3_IRQHandler
                0x08002b70                TIM4_IRQHandler
                0x08002b70                DMA2_Channel1_IRQHandler
                0x08002b70                I2C1_EV_IRQHandler
                0x08002b70                DMA1_Channel6_IRQHandler
                0x08002b70                UART4_IRQHandler
                0x08002b70                TIM3_IRQHandler
                0x08002b70                RCC_IRQHandler
                0x08002b70                TIM1_TRG_COM_IRQHandler
                0x08002b70                DMA1_Channel1_IRQHandler
                0x08002b70                Default_Handler
                0x08002b70                EXTI15_10_IRQHandler
                0x08002b70                TIM7_IRQHandler
                0x08002b70                TIM5_IRQHandler
                0x08002b70                EXTI9_5_IRQHandler
                0x08002b70                SPI2_IRQHandler
                0x08002b70                DMA1_Channel5_IRQHandler
                0x08002b70                EXTI4_IRQHandler
                0x08002b70                USB_LP_CAN1_RX0_IRQHandler
                0x08002b70                USB_HP_CAN1_TX_IRQHandler
                0x08002b70                DMA1_Channel3_IRQHandler
                0x08002b70                FSMC_IRQHandler
                0x08002b70                TIM1_UP_IRQHandler
                0x08002b70                WWDG_IRQHandler
                0x08002b70                TIM2_IRQHandler
                0x08002b70                TIM1_BRK_IRQHandler
                0x08002b70                EXTI1_IRQHandler
                0x08002b70                DMA2_Channel4_5_IRQHandler
                0x08002b70                USART2_IRQHandler
                0x08002b70                I2C2_ER_IRQHandler
                0x08002b70                DMA1_Channel2_IRQHandler
                0x08002b70                TIM8_BRK_IRQHandler
                0x08002b70                CAN1_SCE_IRQHandler
                0x08002b70                FLASH_IRQHandler
                0x08002b70                USART1_IRQHandler
                0x08002b70                SPI3_IRQHandler
                0x08002b70                I2C1_ER_IRQHandler
                0x08002b70                USBWakeUp_IRQHandler
                0x08002b70                DMA2_Channel3_IRQHandler
 *fill*         0x08002b72        0x2 
 .text.__errno  0x08002b74        0xc d:/stm32/gcc-arm-none-eabi-9-2019-q4-major-win32/bin/../lib/gcc/arm-none-eabi/9.2.1/../../../../arm-none-eabi/lib/thumb/v7-m/nofp\libg.a(lib_a-errno.o)
                0x08002b74                __errno
 .text.__libc_init_array
                0x08002b80       0x48 d:/stm32/gcc-arm-none-eabi-9-2019-q4-major-win32/bin/../lib/gcc/arm-none-eabi/9.2.1/../../../../arm-none-eabi/lib/thumb/v7-m/nofp\libg.a(lib_a-init.o)
                0x08002b80                __libc_init_array
 .text.memset   0x08002bc8       0xa0 d:/stm32/gcc-arm-none-eabi-9-2019-q4-major-win32/bin/../lib/gcc/arm-none-eabi/9.2.1/../../../../arm-none-eabi/lib/thumb/v7-m/nofp\libg.a(lib_a-memset.o)
                0x08002bc8                memset
 .text.printf   0x08002c68       0x28 d:/stm32/gcc-arm-none-eabi-9-2019-q4-major-win32/bin/../lib/gcc/arm-none-eabi/9.2.1/../../../../arm-none-eabi/lib/thumb/v7-m/nofp\libg.a(lib_a-printf.o)
                0x08002c68                printf
 .text._vfprintf_r
                0x08002c90     0x1c18 d:/stm32/gcc-arm-none-eabi-9-2019-q4-major-win32/bin/../lib/gcc/arm-none-eabi/9.2.1/../../../../arm-none-eabi/lib/thumb/v7-m/nofp\libg.a(lib_a-vfprintf.o)
                0x08002c90                _vfprintf_r
 .text.__sbprintf
                0x080048a8       0x88 d:/stm32/gcc-arm-none-eabi-9-2019-q4-major-win32/bin/../lib/gcc/arm-none-eabi/9.2.1/../../../../arm-none-eabi/lib/thumb/v7-m/nofp\libg.a(lib_a-vfprintf.o)
 .text.__swsetup_r
                0x08004930       0xd0 d:/stm32/gcc-arm-none-eabi-9-2019-q4-major-win32/bin/../lib/gcc/arm-none-eabi/9.2.1/../../../../arm-none-eabi/lib/thumb/v7-m/nofp\libg.a(lib_a-wsetup.o)
                0x08004930                __swsetup_r
 .text.startup.register_fini
                0x08004a00       0x14 d:/stm32/gcc-arm-none-eabi-9-2019-q4-major-win32/bin/../lib/gcc/arm-none-eabi/9.2.1/../../../../arm-none-eabi/lib/thumb/v7-m/nofp\libg.a(lib_a-__call_atexit.o)
 .text.atexit   0x08004a14        0xc d:/stm32/gcc-arm-none-eabi-9-2019-q4-major-win32/bin/../lib/gcc/arm-none-eabi/9.2.1/../../../../arm-none-eabi/lib/thumb/v7-m/nofp\libg.a(lib_a-atexit.o)
                0x08004a14                atexit
 .text.quorem   0x08004a20      0x120 d:/stm32/gcc-arm-none-eabi-9-2019-q4-major-win32/bin/../lib/gcc/arm-none-eabi/9.2.1/../../../../arm-none-eabi/lib/thumb/v7-m/nofp\libg.a(lib_a-dtoa.o)
 .text._dtoa_r  0x08004b40      0xe8c d:/stm32/gcc-arm-none-eabi-9-2019-q4-major-win32/bin/../lib/gcc/arm-none-eabi/9.2.1/../../../../arm-none-eabi/lib/thumb/v7-m/nofp\libg.a(lib_a-dtoa.o)
                0x08004b40                _dtoa_r
 .text.__sflush_r
                0x080059cc      0x130 d:/stm32/gcc-arm-none-eabi-9-2019-q4-major-win32/bin/../lib/gcc/arm-none-eabi/9.2.1/../../../../arm-none-eabi/lib/thumb/v7-m/nofp\libg.a(lib_a-fflush.o)
                0x080059cc                __sflush_r
 .text._fflush_r
                0x08005afc       0x5c d:/stm32/gcc-arm-none-eabi-9-2019-q4-major-win32/bin/../lib/gcc/arm-none-eabi/9.2.1/../../../../arm-none-eabi/lib/thumb/v7-m/nofp\libg.a(lib_a-fflush.o)
                0x08005afc                _fflush_r
 .text.std      0x08005b58       0x50 d:/stm32/gcc-arm-none-eabi-9-2019-q4-major-win32/bin/../lib/gcc/arm-none-eabi/9.2.1/../../../../arm-none-eabi/lib/thumb/v7-m/nofp\libg.a(lib_a-findfp.o)
 .text._cleanup_r
                0x08005ba8        0xc d:/stm32/gcc-arm-none-eabi-9-2019-q4-major-win32/bin/../lib/gcc/arm-none-eabi/9.2.1/../../../../arm-none-eabi/lib/thumb/v7-m/nofp\libg.a(lib_a-findfp.o)
                0x08005ba8                _cleanup_r
 .text.__sinit  0x08005bb4       0x5c d:/stm32/gcc-arm-none-eabi-9-2019-q4-major-win32/bin/../lib/gcc/arm-none-eabi/9.2.1/../../../../arm-none-eabi/lib/thumb/v7-m/nofp\libg.a(lib_a-findfp.o)
                0x08005bb4                __sinit
 .text.__sfp_lock_acquire
                0x08005c10        0xc d:/stm32/gcc-arm-none-eabi-9-2019-q4-major-win32/bin/../lib/gcc/arm-none-eabi/9.2.1/../../../../arm-none-eabi/lib/thumb/v7-m/nofp\libg.a(lib_a-findfp.o)
                0x08005c10                __sfp_lock_acquire
 .text.__sfp_lock_release
                0x08005c1c        0xc d:/stm32/gcc-arm-none-eabi-9-2019-q4-major-win32/bin/../lib/gcc/arm-none-eabi/9.2.1/../../../../arm-none-eabi/lib/thumb/v7-m/nofp\libg.a(lib_a-findfp.o)
                0x08005c1c                __sfp_lock_release
 .text.__libc_fini_array
                0x08005c28       0x2c d:/stm32/gcc-arm-none-eabi-9-2019-q4-major-win32/bin/../lib/gcc/arm-none-eabi/9.2.1/../../../../arm-none-eabi/lib/thumb/v7-m/nofp\libg.a(lib_a-fini.o)
                0x08005c28                __libc_fini_array
 .text._malloc_trim_r
                0x08005c54       0xa0 d:/stm32/gcc-arm-none-eabi-9-2019-q4-major-win32/bin/../lib/gcc/arm-none-eabi/9.2.1/../../../../arm-none-eabi/lib/thumb/v7-m/nofp\libg.a(lib_a-freer.o)
                0x08005c54                _malloc_trim_r
 .text._free_r  0x08005cf4      0x20c d:/stm32/gcc-arm-none-eabi-9-2019-q4-major-win32/bin/../lib/gcc/arm-none-eabi/9.2.1/../../../../arm-none-eabi/lib/thumb/v7-m/nofp\libg.a(lib_a-freer.o)
                0x08005cf4                _free_r
 .text._fwalk_reent
                0x08005f00       0x48 d:/stm32/gcc-arm-none-eabi-9-2019-q4-major-win32/bin/../lib/gcc/arm-none-eabi/9.2.1/../../../../arm-none-eabi/lib/thumb/v7-m/nofp\libg.a(lib_a-fwalk.o)
                0x08005f00                _fwalk_reent
 .text._localeconv_r
                0x08005f48        0x8 d:/stm32/gcc-arm-none-eabi-9-2019-q4-major-win32/bin/../lib/gcc/arm-none-eabi/9.2.1/../../../../arm-none-eabi/lib/thumb/v7-m/nofp\libg.a(lib_a-localeconv.o)
                0x08005f48                _localeconv_r
 .text.__retarget_lock_init_recursive
                0x08005f50        0x4 d:/stm32/gcc-arm-none-eabi-9-2019-q4-major-win32/bin/../lib/gcc/arm-none-eabi/9.2.1/../../../../arm-none-eabi/lib/thumb/v7-m/nofp\libg.a(lib_a-lock.o)
                0x08005f50                __retarget_lock_init_recursive
 .text.__retarget_lock_close_recursive
                0x08005f54        0x4 d:/stm32/gcc-arm-none-eabi-9-2019-q4-major-win32/bin/../lib/gcc/arm-none-eabi/9.2.1/../../../../arm-none-eabi/lib/thumb/v7-m/nofp\libg.a(lib_a-lock.o)
                0x08005f54                __retarget_lock_close_recursive
 .text.__retarget_lock_acquire_recursive
                0x08005f58        0x4 d:/stm32/gcc-arm-none-eabi-9-2019-q4-major-win32/bin/../lib/gcc/arm-none-eabi/9.2.1/../../../../arm-none-eabi/lib/thumb/v7-m/nofp\libg.a(lib_a-lock.o)
                0x08005f58                __retarget_lock_acquire_recursive
 .text.__retarget_lock_release_recursive
                0x08005f5c        0x4 d:/stm32/gcc-arm-none-eabi-9-2019-q4-major-win32/bin/../lib/gcc/arm-none-eabi/9.2.1/../../../../arm-none-eabi/lib/thumb/v7-m/nofp\libg.a(lib_a-lock.o)
                0x08005f5c                __retarget_lock_release_recursive
 .text.__swhatbuf_r
                0x08005f60       0x5c d:/stm32/gcc-arm-none-eabi-9-2019-q4-major-win32/bin/../lib/gcc/arm-none-eabi/9.2.1/../../../../arm-none-eabi/lib/thumb/v7-m/nofp\libg.a(lib_a-makebuf.o)
                0x08005f60                __swhatbuf_r
 .text.__smakebuf_r
                0x08005fbc       0x94 d:/stm32/gcc-arm-none-eabi-9-2019-q4-major-win32/bin/../lib/gcc/arm-none-eabi/9.2.1/../../../../arm-none-eabi/lib/thumb/v7-m/nofp\libg.a(lib_a-makebuf.o)
                0x08005fbc                __smakebuf_r
 .text._malloc_r
                0x08006050      0x55c d:/stm32/gcc-arm-none-eabi-9-2019-q4-major-win32/bin/../lib/gcc/arm-none-eabi/9.2.1/../../../../arm-none-eabi/lib/thumb/v7-m/nofp\libg.a(lib_a-mallocr.o)
                0x08006050                _malloc_r
 .text.memchr   0x080065ac       0x80 d:/stm32/gcc-arm-none-eabi-9-2019-q4-major-win32/bin/../lib/gcc/arm-none-eabi/9.2.1/../../../../arm-none-eabi/lib/thumb/v7-m/nofp\libg.a(lib_a-memchr-stub.o)
                0x080065ac                memchr
 .text.__malloc_lock
                0x0800662c        0xc d:/stm32/gcc-arm-none-eabi-9-2019-q4-major-win32/bin/../lib/gcc/arm-none-eabi/9.2.1/../../../../arm-none-eabi/lib/thumb/v7-m/nofp\libg.a(lib_a-mlock.o)
                0x0800662c                __malloc_lock
 .text.__malloc_unlock
                0x08006638        0xc d:/stm32/gcc-arm-none-eabi-9-2019-q4-major-win32/bin/../lib/gcc/arm-none-eabi/9.2.1/../../../../arm-none-eabi/lib/thumb/v7-m/nofp\libg.a(lib_a-mlock.o)
                0x08006638                __malloc_unlock
 .text._Balloc  0x08006644       0x4c d:/stm32/gcc-arm-none-eabi-9-2019-q4-major-win32/bin/../lib/gcc/arm-none-eabi/9.2.1/../../../../arm-none-eabi/lib/thumb/v7-m/nofp\libg.a(lib_a-mprec.o)
                0x08006644                _Balloc
 .text._Bfree   0x08006690       0x14 d:/stm32/gcc-arm-none-eabi-9-2019-q4-major-win32/bin/../lib/gcc/arm-none-eabi/9.2.1/../../../../arm-none-eabi/lib/thumb/v7-m/nofp\libg.a(lib_a-mprec.o)
                0x08006690                _Bfree
 .text.__multadd
                0x080066a4       0x7c d:/stm32/gcc-arm-none-eabi-9-2019-q4-major-win32/bin/../lib/gcc/arm-none-eabi/9.2.1/../../../../arm-none-eabi/lib/thumb/v7-m/nofp\libg.a(lib_a-mprec.o)
                0x080066a4                __multadd
 .text.__hi0bits
                0x08006720       0x40 d:/stm32/gcc-arm-none-eabi-9-2019-q4-major-win32/bin/../lib/gcc/arm-none-eabi/9.2.1/../../../../arm-none-eabi/lib/thumb/v7-m/nofp\libg.a(lib_a-mprec.o)
                0x08006720                __hi0bits
 .text.__lo0bits
                0x08006760       0x60 d:/stm32/gcc-arm-none-eabi-9-2019-q4-major-win32/bin/../lib/gcc/arm-none-eabi/9.2.1/../../../../arm-none-eabi/lib/thumb/v7-m/nofp\libg.a(lib_a-mprec.o)
                0x08006760                __lo0bits
 .text.__i2b    0x080067c0       0x14 d:/stm32/gcc-arm-none-eabi-9-2019-q4-major-win32/bin/../lib/gcc/arm-none-eabi/9.2.1/../../../../arm-none-eabi/lib/thumb/v7-m/nofp\libg.a(lib_a-mprec.o)
                0x080067c0                __i2b
 .text.__multiply
                0x080067d4      0x144 d:/stm32/gcc-arm-none-eabi-9-2019-q4-major-win32/bin/../lib/gcc/arm-none-eabi/9.2.1/../../../../arm-none-eabi/lib/thumb/v7-m/nofp\libg.a(lib_a-mprec.o)
                0x080067d4                __multiply
 .text.__pow5mult
                0x08006918       0xa0 d:/stm32/gcc-arm-none-eabi-9-2019-q4-major-win32/bin/../lib/gcc/arm-none-eabi/9.2.1/../../../../arm-none-eabi/lib/thumb/v7-m/nofp\libg.a(lib_a-mprec.o)
                0x08006918                __pow5mult
 .text.__lshift
                0x080069b8       0xd0 d:/stm32/gcc-arm-none-eabi-9-2019-q4-major-win32/bin/../lib/gcc/arm-none-eabi/9.2.1/../../../../arm-none-eabi/lib/thumb/v7-m/nofp\libg.a(lib_a-mprec.o)
                0x080069b8                __lshift
 .text.__mcmp   0x08006a88       0x3c d:/stm32/gcc-arm-none-eabi-9-2019-q4-major-win32/bin/../lib/gcc/arm-none-eabi/9.2.1/../../../../arm-none-eabi/lib/thumb/v7-m/nofp\libg.a(lib_a-mprec.o)
                0x08006a88                __mcmp
 .text.__mdiff  0x08006ac4      0x138 d:/stm32/gcc-arm-none-eabi-9-2019-q4-major-win32/bin/../lib/gcc/arm-none-eabi/9.2.1/../../../../arm-none-eabi/lib/thumb/v7-m/nofp\libg.a(lib_a-mprec.o)
                0x08006ac4                __mdiff
 .text.__d2b    0x08006bfc       0xa8 d:/stm32/gcc-arm-none-eabi-9-2019-q4-major-win32/bin/../lib/gcc/arm-none-eabi/9.2.1/../../../../arm-none-eabi/lib/thumb/v7-m/nofp\libg.a(lib_a-mprec.o)
                0x08006bfc                __d2b
 .text.frexp    0x08006ca4       0x70 d:/stm32/gcc-arm-none-eabi-9-2019-q4-major-win32/bin/../lib/gcc/arm-none-eabi/9.2.1/../../../../arm-none-eabi/lib/thumb/v7-m/nofp\libg.a(lib_a-s_frexp.o)
                0x08006ca4                frexp
 .text._sbrk_r  0x08006d14       0x24 d:/stm32/gcc-arm-none-eabi-9-2019-q4-major-win32/bin/../lib/gcc/arm-none-eabi/9.2.1/../../../../arm-none-eabi/lib/thumb/v7-m/nofp\libg.a(lib_a-sbrkr.o)
                0x08006d14                _sbrk_r
 .text.__sread  0x08006d38       0x24 d:/stm32/gcc-arm-none-eabi-9-2019-q4-major-win32/bin/../lib/gcc/arm-none-eabi/9.2.1/../../../../arm-none-eabi/lib/thumb/v7-m/nofp\libg.a(lib_a-stdio.o)
                0x08006d38                __sread
 .text.__swrite
                0x08006d5c       0x40 d:/stm32/gcc-arm-none-eabi-9-2019-q4-major-win32/bin/../lib/gcc/arm-none-eabi/9.2.1/../../../../arm-none-eabi/lib/thumb/v7-m/nofp\libg.a(lib_a-stdio.o)
                0x08006d5c                __swrite
 .text.__sseek  0x08006d9c       0x20 d:/stm32/gcc-arm-none-eabi-9-2019-q4-major-win32/bin/../lib/gcc/arm-none-eabi/9.2.1/../../../../arm-none-eabi/lib/thumb/v7-m/nofp\libg.a(lib_a-stdio.o)
                0x08006d9c                __sseek
 .text.__sclose
                0x08006dbc        0x8 d:/stm32/gcc-arm-none-eabi-9-2019-q4-major-win32/bin/../lib/gcc/arm-none-eabi/9.2.1/../../../../arm-none-eabi/lib/thumb/v7-m/nofp\libg.a(lib_a-stdio.o)
                0x08006dbc                __sclose
 .text.strlen   0x08006dc4       0x5c d:/stm32/gcc-arm-none-eabi-9-2019-q4-major-win32/bin/../lib/gcc/arm-none-eabi/9.2.1/../../../../arm-none-eabi/lib/thumb/v7-m/nofp\libg.a(lib_a-strlen-stub.o)
                0x08006dc4                strlen
 .text.strncpy  0x08006e20       0x68 d:/stm32/gcc-arm-none-eabi-9-2019-q4-major-win32/bin/../lib/gcc/arm-none-eabi/9.2.1/../../../../arm-none-eabi/lib/thumb/v7-m/nofp\libg.a(lib_a-strncpy.o)
                0x08006e20                strncpy
 .text.__sprint_r.part.0
                0x08006e88       0x78 d:/stm32/gcc-arm-none-eabi-9-2019-q4-major-win32/bin/../lib/gcc/arm-none-eabi/9.2.1/../../../../arm-none-eabi/lib/thumb/v7-m/nofp\libg.a(lib_a-vfiprintf.o)
 .text.__sprint_r
                0x08006f00       0x14 d:/stm32/gcc-arm-none-eabi-9-2019-q4-major-win32/bin/../lib/gcc/arm-none-eabi/9.2.1/../../../../arm-none-eabi/lib/thumb/v7-m/nofp\libg.a(lib_a-vfiprintf.o)
                0x08006f00                __sprint_r
 .text._write_r
                0x08006f14       0x2c d:/stm32/gcc-arm-none-eabi-9-2019-q4-major-win32/bin/../lib/gcc/arm-none-eabi/9.2.1/../../../../arm-none-eabi/lib/thumb/v7-m/nofp\libg.a(lib_a-writer.o)
                0x08006f14                _write_r
 .text.__register_exitproc
                0x08006f40       0x8c d:/stm32/gcc-arm-none-eabi-9-2019-q4-major-win32/bin/../lib/gcc/arm-none-eabi/9.2.1/../../../../arm-none-eabi/lib/thumb/v7-m/nofp\libg.a(lib_a-__atexit.o)
                0x08006f40                __register_exitproc
 .text._calloc_r
                0x08006fcc       0x60 d:/stm32/gcc-arm-none-eabi-9-2019-q4-major-win32/bin/../lib/gcc/arm-none-eabi/9.2.1/../../../../arm-none-eabi/lib/thumb/v7-m/nofp\libg.a(lib_a-callocr.o)
                0x08006fcc                _calloc_r
 .text._close_r
                0x0800702c       0x24 d:/stm32/gcc-arm-none-eabi-9-2019-q4-major-win32/bin/../lib/gcc/arm-none-eabi/9.2.1/../../../../arm-none-eabi/lib/thumb/v7-m/nofp\libg.a(lib_a-closer.o)
                0x0800702c                _close_r
 .text._fclose_r
                0x08007050       0xcc d:/stm32/gcc-arm-none-eabi-9-2019-q4-major-win32/bin/../lib/gcc/arm-none-eabi/9.2.1/../../../../arm-none-eabi/lib/thumb/v7-m/nofp\libg.a(lib_a-fclose.o)
                0x08007050                _fclose_r
 .text.__fputwc
                0x0800711c       0xa0 d:/stm32/gcc-arm-none-eabi-9-2019-q4-major-win32/bin/../lib/gcc/arm-none-eabi/9.2.1/../../../../arm-none-eabi/lib/thumb/v7-m/nofp\libg.a(lib_a-fputwc.o)
                0x0800711c                __fputwc
 .text._fputwc_r
                0x080071bc       0x68 d:/stm32/gcc-arm-none-eabi-9-2019-q4-major-win32/bin/../lib/gcc/arm-none-eabi/9.2.1/../../../../arm-none-eabi/lib/thumb/v7-m/nofp\libg.a(lib_a-fputwc.o)
                0x080071bc                _fputwc_r
 .text._fstat_r
                0x08007224       0x2c d:/stm32/gcc-arm-none-eabi-9-2019-q4-major-win32/bin/../lib/gcc/arm-none-eabi/9.2.1/../../../../arm-none-eabi/lib/thumb/v7-m/nofp\libg.a(lib_a-fstatr.o)
                0x08007224                _fstat_r
 .text.__sfvwrite_r
                0x08007250      0x2ec d:/stm32/gcc-arm-none-eabi-9-2019-q4-major-win32/bin/../lib/gcc/arm-none-eabi/9.2.1/../../../../arm-none-eabi/lib/thumb/v7-m/nofp\libg.a(lib_a-fvwrite.o)
                0x08007250                __sfvwrite_r
 .text._isatty_r
                0x0800753c       0x24 d:/stm32/gcc-arm-none-eabi-9-2019-q4-major-win32/bin/../lib/gcc/arm-none-eabi/9.2.1/../../../../arm-none-eabi/lib/thumb/v7-m/nofp\libg.a(lib_a-isattyr.o)
                0x0800753c                _isatty_r
 .text.__locale_mb_cur_max
                0x08007560        0xc d:/stm32/gcc-arm-none-eabi-9-2019-q4-major-win32/bin/../lib/gcc/arm-none-eabi/9.2.1/../../../../arm-none-eabi/lib/thumb/v7-m/nofp\libg.a(lib_a-locale.o)
                0x08007560                __locale_mb_cur_max
 .text._lseek_r
                0x0800756c       0x2c d:/stm32/gcc-arm-none-eabi-9-2019-q4-major-win32/bin/../lib/gcc/arm-none-eabi/9.2.1/../../../../arm-none-eabi/lib/thumb/v7-m/nofp\libg.a(lib_a-lseekr.o)
                0x0800756c                _lseek_r
 .text.__ascii_mbtowc
                0x08007598       0x2c d:/stm32/gcc-arm-none-eabi-9-2019-q4-major-win32/bin/../lib/gcc/arm-none-eabi/9.2.1/../../../../arm-none-eabi/lib/thumb/v7-m/nofp\libg.a(lib_a-mbtowc_r.o)
                0x08007598                __ascii_mbtowc
 .text.memmove  0x080075c4       0xd4 d:/stm32/gcc-arm-none-eabi-9-2019-q4-major-win32/bin/../lib/gcc/arm-none-eabi/9.2.1/../../../../arm-none-eabi/lib/thumb/v7-m/nofp\libg.a(lib_a-memmove.o)
                0x080075c4                memmove
 .text._read_r  0x08007698       0x2c d:/stm32/gcc-arm-none-eabi-9-2019-q4-major-win32/bin/../lib/gcc/arm-none-eabi/9.2.1/../../../../arm-none-eabi/lib/thumb/v7-m/nofp\libg.a(lib_a-readr.o)
                0x08007698                _read_r
 .text._realloc_r
                0x080076c4      0x3e0 d:/stm32/gcc-arm-none-eabi-9-2019-q4-major-win32/bin/../lib/gcc/arm-none-eabi/9.2.1/../../../../arm-none-eabi/lib/thumb/v7-m/nofp\libg.a(lib_a-reallocr.o)
                0x080076c4                _realloc_r
 .text.__swbuf_r
                0x08007aa4       0xb0 d:/stm32/gcc-arm-none-eabi-9-2019-q4-major-win32/bin/../lib/gcc/arm-none-eabi/9.2.1/../../../../arm-none-eabi/lib/thumb/v7-m/nofp\libg.a(lib_a-wbuf.o)
                0x08007aa4                __swbuf_r
 .text._wcrtomb_r
                0x08007b54       0x3c d:/stm32/gcc-arm-none-eabi-9-2019-q4-major-win32/bin/../lib/gcc/arm-none-eabi/9.2.1/../../../../arm-none-eabi/lib/thumb/v7-m/nofp\libg.a(lib_a-wcrtomb.o)
                0x08007b54                _wcrtomb_r
 .text.__ascii_wctomb
                0x08007b90       0x1c d:/stm32/gcc-arm-none-eabi-9-2019-q4-major-win32/bin/../lib/gcc/arm-none-eabi/9.2.1/../../../../arm-none-eabi/lib/thumb/v7-m/nofp\libg.a(lib_a-wctomb_r.o)
                0x08007b90                __ascii_wctomb
 *(.glue_7)
 .glue_7        0x08007bac        0x0 linker stubs
 *(.glue_7t)
 .glue_7t       0x08007bac        0x0 linker stubs
 *(.eh_frame)
 .eh_frame      0x08007bac        0x0 d:/stm32/gcc-arm-none-eabi-9-2019-q4-major-win32/bin/../lib/gcc/arm-none-eabi/9.2.1/thumb/v7-m/nofp/crtbegin.o
 *(.init)
 .init          0x08007bac        0x4 d:/stm32/gcc-arm-none-eabi-9-2019-q4-major-win32/bin/../lib/gcc/arm-none-eabi/9.2.1/thumb/v7-m/nofp/crti.o
                0x08007bac                _init
 .init          0x08007bb0        0x8 d:/stm32/gcc-arm-none-eabi-9-2019-q4-major-win32/bin/../lib/gcc/arm-none-eabi/9.2.1/thumb/v7-m/nofp/crtn.o
 *(.fini)
 .fini          0x08007bb8        0x4 d:/stm32/gcc-arm-none-eabi-9-2019-q4-major-win32/bin/../lib/gcc/arm-none-eabi/9.2.1/thumb/v7-m/nofp/crti.o
                0x08007bb8                _fini
 .fini          0x08007bbc        0x8 d:/stm32/gcc-arm-none-eabi-9-2019-q4-major-win32/bin/../lib/gcc/arm-none-eabi/9.2.1/thumb/v7-m/nofp/crtn.o
                0x08007bc4                . = ALIGN (0x4)
                0x08007bc4                _etext = .

.vfp11_veneer   0x08007bc4        0x0
 .vfp11_veneer  0x08007bc4        0x0 linker stubs

.v4_bx          0x08007bc4        0x0
 .v4_bx         0x08007bc4        0x0 linker stubs

.iplt           0x08007bc4        0x0
 .iplt          0x08007bc4        0x0 d:/stm32/gcc-arm-none-eabi-9-2019-q4-major-win32/bin/../lib/gcc/arm-none-eabi/9.2.1/thumb/v7-m/nofp/crtbegin.o

.rodata         0x08007bc8      0x2f0
                0x08007bc8                . = ALIGN (0x4)
 *(.rodata)
 *(.rodata*)
 .rodata.aPLLMULFactorTable.6687
                0x08007bc8       0x10 CMakeFiles/SGP30.elf.dir/Drivers/STM32F1xx_HAL_Driver/Src/stm32f1xx_hal_rcc.c.obj
 .rodata.aPredivFactorTable.6688
                0x08007bd8        0x2 CMakeFiles/SGP30.elf.dir/Drivers/STM32F1xx_HAL_Driver/Src/stm32f1xx_hal_rcc.c.obj
 *fill*         0x08007bda        0x2 
 .rodata.aPLLMULFactorTable.6622
                0x08007bdc       0x10 CMakeFiles/SGP30.elf.dir/Drivers/STM32F1xx_HAL_Driver/Src/stm32f1xx_hal_rcc_ex.c.obj
 .rodata.aPredivFactorTable.6623
                0x08007bec        0x2 CMakeFiles/SGP30.elf.dir/Drivers/STM32F1xx_HAL_Driver/Src/stm32f1xx_hal_rcc_ex.c.obj
 *fill*         0x08007bee        0x2 
 .rodata.main.str1.4
                0x08007bf0       0x25 CMakeFiles/SGP30.elf.dir/Src/main.c.obj
 *fill*         0x08007c15        0x3 
 .rodata.AHBPrescTable
                0x08007c18       0x10 CMakeFiles/SGP30.elf.dir/Src/system_stm32f1xx.c.obj
                0x08007c18                AHBPrescTable
 .rodata.APBPrescTable
                0x08007c28        0x8 CMakeFiles/SGP30.elf.dir/Src/system_stm32f1xx.c.obj
                0x08007c28                APBPrescTable
 .rodata._global_impure_ptr
                0x08007c30        0x4 d:/stm32/gcc-arm-none-eabi-9-2019-q4-major-win32/bin/../lib/gcc/arm-none-eabi/9.2.1/../../../../arm-none-eabi/lib/thumb/v7-m/nofp\libg.a(lib_a-impure.o)
                0x08007c30                _global_impure_ptr
 .rodata._vfprintf_r.str1.4
                0x08007c34       0x42 d:/stm32/gcc-arm-none-eabi-9-2019-q4-major-win32/bin/../lib/gcc/arm-none-eabi/9.2.1/../../../../arm-none-eabi/lib/thumb/v7-m/nofp\libg.a(lib_a-vfprintf.o)
 *fill*         0x08007c76        0x2 
 .rodata.blanks.7360
                0x08007c78       0x10 d:/stm32/gcc-arm-none-eabi-9-2019-q4-major-win32/bin/../lib/gcc/arm-none-eabi/9.2.1/../../../../arm-none-eabi/lib/thumb/v7-m/nofp\libg.a(lib_a-vfprintf.o)
 .rodata.zeroes.7361
                0x08007c88       0x10 d:/stm32/gcc-arm-none-eabi-9-2019-q4-major-win32/bin/../lib/gcc/arm-none-eabi/9.2.1/../../../../arm-none-eabi/lib/thumb/v7-m/nofp\libg.a(lib_a-vfprintf.o)
 .rodata._dtoa_r.str1.4
                0x08007c98        0xd d:/stm32/gcc-arm-none-eabi-9-2019-q4-major-win32/bin/../lib/gcc/arm-none-eabi/9.2.1/../../../../arm-none-eabi/lib/thumb/v7-m/nofp\libg.a(lib_a-dtoa.o)
                                 0x12 (size before relaxing)
 *fill*         0x08007ca5        0x3 
 .rodata.__mprec_bigtens
                0x08007ca8       0x28 d:/stm32/gcc-arm-none-eabi-9-2019-q4-major-win32/bin/../lib/gcc/arm-none-eabi/9.2.1/../../../../arm-none-eabi/lib/thumb/v7-m/nofp\libg.a(lib_a-mprec.o)
                0x08007ca8                __mprec_bigtens
 .rodata.__mprec_tens
                0x08007cd0       0xc8 d:/stm32/gcc-arm-none-eabi-9-2019-q4-major-win32/bin/../lib/gcc/arm-none-eabi/9.2.1/../../../../arm-none-eabi/lib/thumb/v7-m/nofp\libg.a(lib_a-mprec.o)
                0x08007cd0                __mprec_tens
 .rodata.p05.6115
                0x08007d98        0xc d:/stm32/gcc-arm-none-eabi-9-2019-q4-major-win32/bin/../lib/gcc/arm-none-eabi/9.2.1/../../../../arm-none-eabi/lib/thumb/v7-m/nofp\libg.a(lib_a-mprec.o)
 .rodata._setlocale_r.str1.4
                0x08007da4        0xa d:/stm32/gcc-arm-none-eabi-9-2019-q4-major-win32/bin/../lib/gcc/arm-none-eabi/9.2.1/../../../../arm-none-eabi/lib/thumb/v7-m/nofp\libg.a(lib_a-locale.o)
                                  0xd (size before relaxing)
 *fill*         0x08007dae        0x2 
 .rodata.str1.4
                0x08007db0        0x2 d:/stm32/gcc-arm-none-eabi-9-2019-q4-major-win32/bin/../lib/gcc/arm-none-eabi/9.2.1/../../../../arm-none-eabi/lib/thumb/v7-m/nofp\libg.a(lib_a-locale.o)
 *fill*         0x08007db2        0x2 
 .rodata._ctype_
                0x08007db4      0x101 d:/stm32/gcc-arm-none-eabi-9-2019-q4-major-win32/bin/../lib/gcc/arm-none-eabi/9.2.1/../../../../arm-none-eabi/lib/thumb/v7-m/nofp\libg.a(lib_a-ctype_.o)
                0x08007db4                _ctype_
                0x08007eb8                . = ALIGN (0x4)
 *fill*         0x08007eb5        0x3 

.ARM.extab
 *(.ARM.extab* .gnu.linkonce.armextab.*)

.ARM            0x08007eb8        0x8
                0x08007eb8                __exidx_start = .
 *(.ARM.exidx*)
 .ARM.exidx     0x08007eb8        0x8 d:/stm32/gcc-arm-none-eabi-9-2019-q4-major-win32/bin/../lib/gcc/arm-none-eabi/9.2.1/thumb/v7-m/nofp\libgcc.a(_udivmoddi4.o)
                0x08007ec0                __exidx_end = .

.rel.dyn        0x08007ec0        0x0
 .rel.iplt      0x08007ec0        0x0 d:/stm32/gcc-arm-none-eabi-9-2019-q4-major-win32/bin/../lib/gcc/arm-none-eabi/9.2.1/thumb/v7-m/nofp/crtbegin.o

.preinit_array  0x08007ec0        0x0
                0x08007ec0                PROVIDE (__preinit_array_start = .)
 *(.preinit_array*)
                0x08007ec0                PROVIDE (__preinit_array_end = .)

.init_array     0x08007ec0        0x8
                0x08007ec0                PROVIDE (__init_array_start = .)
 *(SORT_BY_NAME(.init_array.*))
 .init_array.00000
                0x08007ec0        0x4 d:/stm32/gcc-arm-none-eabi-9-2019-q4-major-win32/bin/../lib/gcc/arm-none-eabi/9.2.1/../../../../arm-none-eabi/lib/thumb/v7-m/nofp\libg.a(lib_a-__call_atexit.o)
 *(.init_array*)
 .init_array    0x08007ec4        0x4 d:/stm32/gcc-arm-none-eabi-9-2019-q4-major-win32/bin/../lib/gcc/arm-none-eabi/9.2.1/thumb/v7-m/nofp/crtbegin.o
                0x08007ec8                PROVIDE (__init_array_end = .)

.fini_array     0x08007ec8        0x4
                0x08007ec8                PROVIDE (__fini_array_start = .)
 *(SORT_BY_NAME(.fini_array.*))
 *(.fini_array*)
 .fini_array    0x08007ec8        0x4 d:/stm32/gcc-arm-none-eabi-9-2019-q4-major-win32/bin/../lib/gcc/arm-none-eabi/9.2.1/thumb/v7-m/nofp/crtbegin.o
                0x08007ecc                PROVIDE (__fini_array_end = .)
                0x08007ecc                _sidata = LOADADDR (.data)

.data           0x20000000      0x9b8 load address 0x08007ecc
                0x20000000                . = ALIGN (0x4)
                0x20000000                _sdata = .
 *(.data)
 *(.data*)
 .data.uwTickFreq
                0x20000000        0x1 CMakeFiles/SGP30.elf.dir/Drivers/STM32F1xx_HAL_Driver/Src/stm32f1xx_hal.c.obj
                0x20000000                uwTickFreq
 *fill*         0x20000001        0x3 
 .data.uwTickPrio
                0x20000004        0x4 CMakeFiles/SGP30.elf.dir/Drivers/STM32F1xx_HAL_Driver/Src/stm32f1xx_hal.c.obj
                0x20000004                uwTickPrio
 .data.SystemCoreClock
                0x20000008        0x4 CMakeFiles/SGP30.elf.dir/Src/system_stm32f1xx.c.obj
                0x20000008                SystemCoreClock
 .data._impure_ptr
                0x2000000c        0x4 d:/stm32/gcc-arm-none-eabi-9-2019-q4-major-win32/bin/../lib/gcc/arm-none-eabi/9.2.1/../../../../arm-none-eabi/lib/thumb/v7-m/nofp\libg.a(lib_a-impure.o)
                0x2000000c                _impure_ptr
 .data.impure_data
                0x20000010      0x428 d:/stm32/gcc-arm-none-eabi-9-2019-q4-major-win32/bin/../lib/gcc/arm-none-eabi/9.2.1/../../../../arm-none-eabi/lib/thumb/v7-m/nofp\libg.a(lib_a-impure.o)
 .data.__atexit_recursive_mutex
                0x20000438        0x4 d:/stm32/gcc-arm-none-eabi-9-2019-q4-major-win32/bin/../lib/gcc/arm-none-eabi/9.2.1/../../../../arm-none-eabi/lib/thumb/v7-m/nofp\libg.a(lib_a-__call_atexit.o)
                0x20000438                __atexit_recursive_mutex
 .data.__malloc_av_
                0x2000043c      0x408 d:/stm32/gcc-arm-none-eabi-9-2019-q4-major-win32/bin/../lib/gcc/arm-none-eabi/9.2.1/../../../../arm-none-eabi/lib/thumb/v7-m/nofp\libg.a(lib_a-mallocr.o)
                0x2000043c                __malloc_av_
 .data.__malloc_sbrk_base
                0x20000844        0x4 d:/stm32/gcc-arm-none-eabi-9-2019-q4-major-win32/bin/../lib/gcc/arm-none-eabi/9.2.1/../../../../arm-none-eabi/lib/thumb/v7-m/nofp\libg.a(lib_a-mallocr.o)
                0x20000844                __malloc_sbrk_base
 .data.__malloc_trim_threshold
                0x20000848        0x4 d:/stm32/gcc-arm-none-eabi-9-2019-q4-major-win32/bin/../lib/gcc/arm-none-eabi/9.2.1/../../../../arm-none-eabi/lib/thumb/v7-m/nofp\libg.a(lib_a-mallocr.o)
                0x20000848                __malloc_trim_threshold
 .data.__global_locale
                0x2000084c      0x16c d:/stm32/gcc-arm-none-eabi-9-2019-q4-major-win32/bin/../lib/gcc/arm-none-eabi/9.2.1/../../../../arm-none-eabi/lib/thumb/v7-m/nofp\libg.a(lib_a-locale.o)
                0x2000084c                __global_locale
                0x200009b8                . = ALIGN (0x4)
                0x200009b8                _edata = .

.igot.plt       0x200009b8        0x0 load address 0x08008884
 .igot.plt      0x200009b8        0x0 d:/stm32/gcc-arm-none-eabi-9-2019-q4-major-win32/bin/../lib/gcc/arm-none-eabi/9.2.1/thumb/v7-m/nofp/crtbegin.o
                0x200009b8                . = ALIGN (0x4)

.bss            0x200009b8      0x1d0 load address 0x08008884
                0x200009b8                _sbss = .
                0x200009b8                __bss_start__ = _sbss
 *(.bss)
 .bss           0x200009b8       0x1c d:/stm32/gcc-arm-none-eabi-9-2019-q4-major-win32/bin/../lib/gcc/arm-none-eabi/9.2.1/thumb/v7-m/nofp/crtbegin.o
 *(.bss*)
 .bss.uwTick    0x200009d4        0x4 CMakeFiles/SGP30.elf.dir/Drivers/STM32F1xx_HAL_Driver/Src/stm32f1xx_hal.c.obj
                0x200009d4                uwTick
 .bss.fac_ms    0x200009d8        0x2 CMakeFiles/SGP30.elf.dir/Src/delay.c.obj
 .bss.fac_us    0x200009da        0x1 CMakeFiles/SGP30.elf.dir/Src/delay.c.obj
 *fill*         0x200009db        0x1 
 .bss.hi2c1     0x200009dc       0x54 CMakeFiles/SGP30.elf.dir/Src/i2c.c.obj
                0x200009dc                hi2c1
 .bss.hi2c2     0x20000a30       0x54 CMakeFiles/SGP30.elf.dir/Src/i2c.c.obj
                0x20000a30                hi2c2
 .bss.hrtc      0x20000a84       0x14 CMakeFiles/SGP30.elf.dir/Src/rtc.c.obj
                0x20000a84                hrtc
 .bss.heap_end.6023
                0x20000a98        0x4 CMakeFiles/SGP30.elf.dir/Src/syscalls.c.obj
 .bss.huart1    0x20000a9c       0x48 CMakeFiles/SGP30.elf.dir/Src/usart.c.obj
                0x20000a9c                huart1
 .bss.huart2    0x20000ae4       0x48 CMakeFiles/SGP30.elf.dir/Src/usart.c.obj
                0x20000ae4                huart2
 .bss.__malloc_current_mallinfo
                0x20000b2c       0x28 d:/stm32/gcc-arm-none-eabi-9-2019-q4-major-win32/bin/../lib/gcc/arm-none-eabi/9.2.1/../../../../arm-none-eabi/lib/thumb/v7-m/nofp\libg.a(lib_a-mallocr.o)
                0x20000b2c                __malloc_current_mallinfo
 .bss.__malloc_max_sbrked_mem
                0x20000b54        0x4 d:/stm32/gcc-arm-none-eabi-9-2019-q4-major-win32/bin/../lib/gcc/arm-none-eabi/9.2.1/../../../../arm-none-eabi/lib/thumb/v7-m/nofp\libg.a(lib_a-mallocr.o)
                0x20000b54                __malloc_max_sbrked_mem
 .bss.__malloc_max_total_mem
                0x20000b58        0x4 d:/stm32/gcc-arm-none-eabi-9-2019-q4-major-win32/bin/../lib/gcc/arm-none-eabi/9.2.1/../../../../arm-none-eabi/lib/thumb/v7-m/nofp\libg.a(lib_a-mallocr.o)
                0x20000b58                __malloc_max_total_mem
 .bss.__malloc_top_pad
                0x20000b5c        0x4 d:/stm32/gcc-arm-none-eabi-9-2019-q4-major-win32/bin/../lib/gcc/arm-none-eabi/9.2.1/../../../../arm-none-eabi/lib/thumb/v7-m/nofp\libg.a(lib_a-mallocr.o)
                0x20000b5c                __malloc_top_pad
 *(COMMON)
 COMMON         0x20000b60       0x21 d:/stm32/gcc-arm-none-eabi-9-2019-q4-major-win32/bin/../lib/gcc/arm-none-eabi/9.2.1/../../../../arm-none-eabi/lib/thumb/v7-m/nofp\libg.a(lib_a-lock.o)
                0x20000b60                __lock___atexit_recursive_mutex
                0x20000b64                __lock___arc4random_mutex
                0x20000b68                __lock___env_recursive_mutex
                0x20000b6c                __lock___sinit_recursive_mutex
                0x20000b70                __lock___malloc_recursive_mutex
                0x20000b74                __lock___at_quick_exit_mutex
                0x20000b78                __lock___dd_hash_mutex
                0x20000b7c                __lock___tz_mutex
                0x20000b80                __lock___sfp_recursive_mutex
 *fill*         0x20000b81        0x3 
 COMMON         0x20000b84        0x4 d:/stm32/gcc-arm-none-eabi-9-2019-q4-major-win32/bin/../lib/gcc/arm-none-eabi/9.2.1/../../../../arm-none-eabi/lib/thumb/v7-m/nofp\libg.a(lib_a-reent.o)
                0x20000b84                errno
                0x20000b88                . = ALIGN (0x4)
                0x20000b88                _ebss = .
                0x20000b88                __bss_end__ = _ebss

._user_heap_stack
                0x20000b88      0x600 load address 0x08008884
                0x20000b88                . = ALIGN (0x8)
                0x20000b88                PROVIDE (end = .)
                [!provide]                PROVIDE (_end = .)
                0x20000d88                . = (. + _Min_Heap_Size)
 *fill*         0x20000b88      0x200 
                0x20001188                . = (. + _Min_Stack_Size)
 *fill*         0x20000d88      0x400 
                0x20001188                . = ALIGN (0x8)

/DISCARD/
 libc.a(*)
 libm.a(*)
 libgcc.a(*)

.ARM.attributes
                0x00000000       0x29
 *(.ARM.attributes)
 .ARM.attributes
                0x00000000       0x1d d:/stm32/gcc-arm-none-eabi-9-2019-q4-major-win32/bin/../lib/gcc/arm-none-eabi/9.2.1/thumb/v7-m/nofp/crti.o
 .ARM.attributes
                0x0000001d       0x2d d:/stm32/gcc-arm-none-eabi-9-2019-q4-major-win32/bin/../lib/gcc/arm-none-eabi/9.2.1/thumb/v7-m/nofp/crtbegin.o
 .ARM.attributes
                0x0000004a       0x2d CMakeFiles/SGP30.elf.dir/Drivers/STM32F1xx_HAL_Driver/Src/stm32f1xx_hal.c.obj
 .ARM.attributes
                0x00000077       0x2d CMakeFiles/SGP30.elf.dir/Drivers/STM32F1xx_HAL_Driver/Src/stm32f1xx_hal_cortex.c.obj
 .ARM.attributes
                0x000000a4       0x2d CMakeFiles/SGP30.elf.dir/Drivers/STM32F1xx_HAL_Driver/Src/stm32f1xx_hal_gpio.c.obj
 .ARM.attributes
                0x000000d1       0x2d CMakeFiles/SGP30.elf.dir/Drivers/STM32F1xx_HAL_Driver/Src/stm32f1xx_hal_i2c.c.obj
 .ARM.attributes
                0x000000fe       0x2d CMakeFiles/SGP30.elf.dir/Drivers/STM32F1xx_HAL_Driver/Src/stm32f1xx_hal_pwr.c.obj
 .ARM.attributes
                0x0000012b       0x2d CMakeFiles/SGP30.elf.dir/Drivers/STM32F1xx_HAL_Driver/Src/stm32f1xx_hal_rcc.c.obj
 .ARM.attributes
                0x00000158       0x2d CMakeFiles/SGP30.elf.dir/Drivers/STM32F1xx_HAL_Driver/Src/stm32f1xx_hal_rcc_ex.c.obj
 .ARM.attributes
                0x00000185       0x2d CMakeFiles/SGP30.elf.dir/Drivers/STM32F1xx_HAL_Driver/Src/stm32f1xx_hal_rtc.c.obj
 .ARM.attributes
                0x000001b2       0x2d CMakeFiles/SGP30.elf.dir/Drivers/STM32F1xx_HAL_Driver/Src/stm32f1xx_hal_uart.c.obj
 .ARM.attributes
                0x000001df       0x2d CMakeFiles/SGP30.elf.dir/Src/delay.c.obj
 .ARM.attributes
                0x0000020c       0x2d CMakeFiles/SGP30.elf.dir/Src/dht11.c.obj
 .ARM.attributes
                0x00000239       0x2d CMakeFiles/SGP30.elf.dir/Src/gpio.c.obj
 .ARM.attributes
                0x00000266       0x2d CMakeFiles/SGP30.elf.dir/Src/i2c.c.obj
 .ARM.attributes
                0x00000293       0x2d CMakeFiles/SGP30.elf.dir/Src/main.c.obj
 .ARM.attributes
                0x000002c0       0x2d CMakeFiles/SGP30.elf.dir/Src/rtc.c.obj
 .ARM.attributes
                0x000002ed       0x2d CMakeFiles/SGP30.elf.dir/Src/sgp30.c.obj
 .ARM.attributes
                0x0000031a       0x2d CMakeFiles/SGP30.elf.dir/Src/stm32f1xx_hal_msp.c.obj
 .ARM.attributes
                0x00000347       0x2d CMakeFiles/SGP30.elf.dir/Src/stm32f1xx_it.c.obj
 .ARM.attributes
                0x00000374       0x2d CMakeFiles/SGP30.elf.dir/Src/syscalls.c.obj
 .ARM.attributes
                0x000003a1       0x2d CMakeFiles/SGP30.elf.dir/Src/system_stm32f1xx.c.obj
 .ARM.attributes
                0x000003ce       0x2d CMakeFiles/SGP30.elf.dir/Src/usart.c.obj
 .ARM.attributes
                0x000003fb       0x21 CMakeFiles/SGP30.elf.dir/startup/startup_stm32f103xe.s.obj
 .ARM.attributes
                0x0000041c       0x2d d:/stm32/gcc-arm-none-eabi-9-2019-q4-major-win32/bin/../lib/gcc/arm-none-eabi/9.2.1/../../../../arm-none-eabi/lib/thumb/v7-m/nofp\libg.a(lib_a-errno.o)
 .ARM.attributes
                0x00000449       0x2d d:/stm32/gcc-arm-none-eabi-9-2019-q4-major-win32/bin/../lib/gcc/arm-none-eabi/9.2.1/../../../../arm-none-eabi/lib/thumb/v7-m/nofp\libg.a(lib_a-impure.o)
 .ARM.attributes
                0x00000476       0x2d d:/stm32/gcc-arm-none-eabi-9-2019-q4-major-win32/bin/../lib/gcc/arm-none-eabi/9.2.1/../../../../arm-none-eabi/lib/thumb/v7-m/nofp\libg.a(lib_a-init.o)
 .ARM.attributes
                0x000004a3       0x2d d:/stm32/gcc-arm-none-eabi-9-2019-q4-major-win32/bin/../lib/gcc/arm-none-eabi/9.2.1/../../../../arm-none-eabi/lib/thumb/v7-m/nofp\libg.a(lib_a-memset.o)
 .ARM.attributes
                0x000004d0       0x2d d:/stm32/gcc-arm-none-eabi-9-2019-q4-major-win32/bin/../lib/gcc/arm-none-eabi/9.2.1/../../../../arm-none-eabi/lib/thumb/v7-m/nofp\libg.a(lib_a-printf.o)
 .ARM.attributes
                0x000004fd       0x2d d:/stm32/gcc-arm-none-eabi-9-2019-q4-major-win32/bin/../lib/gcc/arm-none-eabi/9.2.1/../../../../arm-none-eabi/lib/thumb/v7-m/nofp\libg.a(lib_a-vfprintf.o)
 .ARM.attributes
                0x0000052a       0x2d d:/stm32/gcc-arm-none-eabi-9-2019-q4-major-win32/bin/../lib/gcc/arm-none-eabi/9.2.1/../../../../arm-none-eabi/lib/thumb/v7-m/nofp\libg.a(lib_a-wsetup.o)
 .ARM.attributes
                0x00000557       0x2d d:/stm32/gcc-arm-none-eabi-9-2019-q4-major-win32/bin/../lib/gcc/arm-none-eabi/9.2.1/../../../../arm-none-eabi/lib/thumb/v7-m/nofp\libg.a(lib_a-__call_atexit.o)
 .ARM.attributes
                0x00000584       0x2d d:/stm32/gcc-arm-none-eabi-9-2019-q4-major-win32/bin/../lib/gcc/arm-none-eabi/9.2.1/../../../../arm-none-eabi/lib/thumb/v7-m/nofp\libg.a(lib_a-atexit.o)
 .ARM.attributes
                0x000005b1       0x2d d:/stm32/gcc-arm-none-eabi-9-2019-q4-major-win32/bin/../lib/gcc/arm-none-eabi/9.2.1/../../../../arm-none-eabi/lib/thumb/v7-m/nofp\libg.a(lib_a-dtoa.o)
 .ARM.attributes
                0x000005de       0x2d d:/stm32/gcc-arm-none-eabi-9-2019-q4-major-win32/bin/../lib/gcc/arm-none-eabi/9.2.1/../../../../arm-none-eabi/lib/thumb/v7-m/nofp\libg.a(lib_a-fflush.o)
 .ARM.attributes
                0x0000060b       0x2d d:/stm32/gcc-arm-none-eabi-9-2019-q4-major-win32/bin/../lib/gcc/arm-none-eabi/9.2.1/../../../../arm-none-eabi/lib/thumb/v7-m/nofp\libg.a(lib_a-findfp.o)
 .ARM.attributes
                0x00000638       0x2d d:/stm32/gcc-arm-none-eabi-9-2019-q4-major-win32/bin/../lib/gcc/arm-none-eabi/9.2.1/../../../../arm-none-eabi/lib/thumb/v7-m/nofp\libg.a(lib_a-fini.o)
 .ARM.attributes
                0x00000665       0x2d d:/stm32/gcc-arm-none-eabi-9-2019-q4-major-win32/bin/../lib/gcc/arm-none-eabi/9.2.1/../../../../arm-none-eabi/lib/thumb/v7-m/nofp\libg.a(lib_a-freer.o)
 .ARM.attributes
                0x00000692       0x2d d:/stm32/gcc-arm-none-eabi-9-2019-q4-major-win32/bin/../lib/gcc/arm-none-eabi/9.2.1/../../../../arm-none-eabi/lib/thumb/v7-m/nofp\libg.a(lib_a-fwalk.o)
 .ARM.attributes
                0x000006bf       0x2d d:/stm32/gcc-arm-none-eabi-9-2019-q4-major-win32/bin/../lib/gcc/arm-none-eabi/9.2.1/../../../../arm-none-eabi/lib/thumb/v7-m/nofp\libg.a(lib_a-localeconv.o)
 .ARM.attributes
                0x000006ec       0x2d d:/stm32/gcc-arm-none-eabi-9-2019-q4-major-win32/bin/../lib/gcc/arm-none-eabi/9.2.1/../../../../arm-none-eabi/lib/thumb/v7-m/nofp\libg.a(lib_a-lock.o)
 .ARM.attributes
                0x00000719       0x2d d:/stm32/gcc-arm-none-eabi-9-2019-q4-major-win32/bin/../lib/gcc/arm-none-eabi/9.2.1/../../../../arm-none-eabi/lib/thumb/v7-m/nofp\libg.a(lib_a-makebuf.o)
 .ARM.attributes
                0x00000746       0x2d d:/stm32/gcc-arm-none-eabi-9-2019-q4-major-win32/bin/../lib/gcc/arm-none-eabi/9.2.1/../../../../arm-none-eabi/lib/thumb/v7-m/nofp\libg.a(lib_a-mallocr.o)
 .ARM.attributes
                0x00000773       0x2d d:/stm32/gcc-arm-none-eabi-9-2019-q4-major-win32/bin/../lib/gcc/arm-none-eabi/9.2.1/../../../../arm-none-eabi/lib/thumb/v7-m/nofp\libg.a(lib_a-memchr-stub.o)
 .ARM.attributes
                0x000007a0       0x1b d:/stm32/gcc-arm-none-eabi-9-2019-q4-major-win32/bin/../lib/gcc/arm-none-eabi/9.2.1/../../../../arm-none-eabi/lib/thumb/v7-m/nofp\libg.a(lib_a-memcpy.o)
 .ARM.attributes
                0x000007bb       0x2d d:/stm32/gcc-arm-none-eabi-9-2019-q4-major-win32/bin/../lib/gcc/arm-none-eabi/9.2.1/../../../../arm-none-eabi/lib/thumb/v7-m/nofp\libg.a(lib_a-mlock.o)
 .ARM.attributes
                0x000007e8       0x2d d:/stm32/gcc-arm-none-eabi-9-2019-q4-major-win32/bin/../lib/gcc/arm-none-eabi/9.2.1/../../../../arm-none-eabi/lib/thumb/v7-m/nofp\libg.a(lib_a-mprec.o)
 .ARM.attributes
                0x00000815       0x2d d:/stm32/gcc-arm-none-eabi-9-2019-q4-major-win32/bin/../lib/gcc/arm-none-eabi/9.2.1/../../../../arm-none-eabi/lib/thumb/v7-m/nofp\libg.a(lib_a-s_frexp.o)
 .ARM.attributes
                0x00000842       0x2d d:/stm32/gcc-arm-none-eabi-9-2019-q4-major-win32/bin/../lib/gcc/arm-none-eabi/9.2.1/../../../../arm-none-eabi/lib/thumb/v7-m/nofp\libg.a(lib_a-sbrkr.o)
 .ARM.attributes
                0x0000086f       0x2d d:/stm32/gcc-arm-none-eabi-9-2019-q4-major-win32/bin/../lib/gcc/arm-none-eabi/9.2.1/../../../../arm-none-eabi/lib/thumb/v7-m/nofp\libg.a(lib_a-stdio.o)
 .ARM.attributes
                0x0000089c       0x2d d:/stm32/gcc-arm-none-eabi-9-2019-q4-major-win32/bin/../lib/gcc/arm-none-eabi/9.2.1/../../../../arm-none-eabi/lib/thumb/v7-m/nofp\libg.a(lib_a-strlen-stub.o)
 .ARM.attributes
                0x000008c9       0x2d d:/stm32/gcc-arm-none-eabi-9-2019-q4-major-win32/bin/../lib/gcc/arm-none-eabi/9.2.1/../../../../arm-none-eabi/lib/thumb/v7-m/nofp\libg.a(lib_a-strncpy.o)
 .ARM.attributes
                0x000008f6       0x2d d:/stm32/gcc-arm-none-eabi-9-2019-q4-major-win32/bin/../lib/gcc/arm-none-eabi/9.2.1/../../../../arm-none-eabi/lib/thumb/v7-m/nofp\libg.a(lib_a-vfiprintf.o)
 .ARM.attributes
                0x00000923       0x2d d:/stm32/gcc-arm-none-eabi-9-2019-q4-major-win32/bin/../lib/gcc/arm-none-eabi/9.2.1/../../../../arm-none-eabi/lib/thumb/v7-m/nofp\libg.a(lib_a-writer.o)
 .ARM.attributes
                0x00000950       0x2d d:/stm32/gcc-arm-none-eabi-9-2019-q4-major-win32/bin/../lib/gcc/arm-none-eabi/9.2.1/../../../../arm-none-eabi/lib/thumb/v7-m/nofp\libg.a(lib_a-__atexit.o)
 .ARM.attributes
                0x0000097d       0x2d d:/stm32/gcc-arm-none-eabi-9-2019-q4-major-win32/bin/../lib/gcc/arm-none-eabi/9.2.1/../../../../arm-none-eabi/lib/thumb/v7-m/nofp\libg.a(lib_a-callocr.o)
 .ARM.attributes
                0x000009aa       0x2d d:/stm32/gcc-arm-none-eabi-9-2019-q4-major-win32/bin/../lib/gcc/arm-none-eabi/9.2.1/../../../../arm-none-eabi/lib/thumb/v7-m/nofp\libg.a(lib_a-closer.o)
 .ARM.attributes
                0x000009d7       0x2d d:/stm32/gcc-arm-none-eabi-9-2019-q4-major-win32/bin/../lib/gcc/arm-none-eabi/9.2.1/../../../../arm-none-eabi/lib/thumb/v7-m/nofp\libg.a(lib_a-fclose.o)
 .ARM.attributes
                0x00000a04       0x2d d:/stm32/gcc-arm-none-eabi-9-2019-q4-major-win32/bin/../lib/gcc/arm-none-eabi/9.2.1/../../../../arm-none-eabi/lib/thumb/v7-m/nofp\libg.a(lib_a-fputwc.o)
 .ARM.attributes
                0x00000a31       0x2d d:/stm32/gcc-arm-none-eabi-9-2019-q4-major-win32/bin/../lib/gcc/arm-none-eabi/9.2.1/../../../../arm-none-eabi/lib/thumb/v7-m/nofp\libg.a(lib_a-fstatr.o)
 .ARM.attributes
                0x00000a5e       0x2d d:/stm32/gcc-arm-none-eabi-9-2019-q4-major-win32/bin/../lib/gcc/arm-none-eabi/9.2.1/../../../../arm-none-eabi/lib/thumb/v7-m/nofp\libg.a(lib_a-fvwrite.o)
 .ARM.attributes
                0x00000a8b       0x2d d:/stm32/gcc-arm-none-eabi-9-2019-q4-major-win32/bin/../lib/gcc/arm-none-eabi/9.2.1/../../../../arm-none-eabi/lib/thumb/v7-m/nofp\libg.a(lib_a-isattyr.o)
 .ARM.attributes
                0x00000ab8       0x2d d:/stm32/gcc-arm-none-eabi-9-2019-q4-major-win32/bin/../lib/gcc/arm-none-eabi/9.2.1/../../../../arm-none-eabi/lib/thumb/v7-m/nofp\libg.a(lib_a-locale.o)
 .ARM.attributes
                0x00000ae5       0x2d d:/stm32/gcc-arm-none-eabi-9-2019-q4-major-win32/bin/../lib/gcc/arm-none-eabi/9.2.1/../../../../arm-none-eabi/lib/thumb/v7-m/nofp\libg.a(lib_a-lseekr.o)
 .ARM.attributes
                0x00000b12       0x2d d:/stm32/gcc-arm-none-eabi-9-2019-q4-major-win32/bin/../lib/gcc/arm-none-eabi/9.2.1/../../../../arm-none-eabi/lib/thumb/v7-m/nofp\libg.a(lib_a-mbtowc_r.o)
 .ARM.attributes
                0x00000b3f       0x2d d:/stm32/gcc-arm-none-eabi-9-2019-q4-major-win32/bin/../lib/gcc/arm-none-eabi/9.2.1/../../../../arm-none-eabi/lib/thumb/v7-m/nofp\libg.a(lib_a-memmove.o)
 .ARM.attributes
                0x00000b6c       0x2d d:/stm32/gcc-arm-none-eabi-9-2019-q4-major-win32/bin/../lib/gcc/arm-none-eabi/9.2.1/../../../../arm-none-eabi/lib/thumb/v7-m/nofp\libg.a(lib_a-readr.o)
 .ARM.attributes
                0x00000b99       0x2d d:/stm32/gcc-arm-none-eabi-9-2019-q4-major-win32/bin/../lib/gcc/arm-none-eabi/9.2.1/../../../../arm-none-eabi/lib/thumb/v7-m/nofp\libg.a(lib_a-reallocr.o)
 .ARM.attributes
                0x00000bc6       0x2d d:/stm32/gcc-arm-none-eabi-9-2019-q4-major-win32/bin/../lib/gcc/arm-none-eabi/9.2.1/../../../../arm-none-eabi/lib/thumb/v7-m/nofp\libg.a(lib_a-reent.o)
 .ARM.attributes
                0x00000bf3       0x2d d:/stm32/gcc-arm-none-eabi-9-2019-q4-major-win32/bin/../lib/gcc/arm-none-eabi/9.2.1/../../../../arm-none-eabi/lib/thumb/v7-m/nofp\libg.a(lib_a-wbuf.o)
 .ARM.attributes
                0x00000c20       0x2d d:/stm32/gcc-arm-none-eabi-9-2019-q4-major-win32/bin/../lib/gcc/arm-none-eabi/9.2.1/../../../../arm-none-eabi/lib/thumb/v7-m/nofp\libg.a(lib_a-wcrtomb.o)
 .ARM.attributes
                0x00000c4d       0x2d d:/stm32/gcc-arm-none-eabi-9-2019-q4-major-win32/bin/../lib/gcc/arm-none-eabi/9.2.1/../../../../arm-none-eabi/lib/thumb/v7-m/nofp\libg.a(lib_a-wctomb_r.o)
 .ARM.attributes
                0x00000c7a       0x2d d:/stm32/gcc-arm-none-eabi-9-2019-q4-major-win32/bin/../lib/gcc/arm-none-eabi/9.2.1/../../../../arm-none-eabi/lib/thumb/v7-m/nofp\libg.a(lib_a-ctype_.o)
 .ARM.attributes
                0x00000ca7       0x1d d:/stm32/gcc-arm-none-eabi-9-2019-q4-major-win32/bin/../lib/gcc/arm-none-eabi/9.2.1/thumb/v7-m/nofp\libgcc.a(_arm_addsubdf3.o)
 .ARM.attributes
                0x00000cc4       0x1d d:/stm32/gcc-arm-none-eabi-9-2019-q4-major-win32/bin/../lib/gcc/arm-none-eabi/9.2.1/thumb/v7-m/nofp\libgcc.a(_arm_muldivdf3.o)
 .ARM.attributes
                0x00000ce1       0x1d d:/stm32/gcc-arm-none-eabi-9-2019-q4-major-win32/bin/../lib/gcc/arm-none-eabi/9.2.1/thumb/v7-m/nofp\libgcc.a(_arm_cmpdf2.o)
 .ARM.attributes
                0x00000cfe       0x1d d:/stm32/gcc-arm-none-eabi-9-2019-q4-major-win32/bin/../lib/gcc/arm-none-eabi/9.2.1/thumb/v7-m/nofp\libgcc.a(_arm_unorddf2.o)
 .ARM.attributes
                0x00000d1b       0x1d d:/stm32/gcc-arm-none-eabi-9-2019-q4-major-win32/bin/../lib/gcc/arm-none-eabi/9.2.1/thumb/v7-m/nofp\libgcc.a(_arm_fixdfsi.o)
 .ARM.attributes
                0x00000d38       0x1d d:/stm32/gcc-arm-none-eabi-9-2019-q4-major-win32/bin/../lib/gcc/arm-none-eabi/9.2.1/thumb/v7-m/nofp\libgcc.a(_aeabi_uldivmod.o)
 .ARM.attributes
                0x00000d55       0x2d d:/stm32/gcc-arm-none-eabi-9-2019-q4-major-win32/bin/../lib/gcc/arm-none-eabi/9.2.1/thumb/v7-m/nofp\libgcc.a(_udivmoddi4.o)
 .ARM.attributes
                0x00000d82       0x1d d:/stm32/gcc-arm-none-eabi-9-2019-q4-major-win32/bin/../lib/gcc/arm-none-eabi/9.2.1/thumb/v7-m/nofp\libgcc.a(_dvmd_tls.o)
 .ARM.attributes
                0x00000d9f       0x1d d:/stm32/gcc-arm-none-eabi-9-2019-q4-major-win32/bin/../lib/gcc/arm-none-eabi/9.2.1/thumb/v7-m/nofp/crtn.o
OUTPUT(SGP30.elf elf32-littlearm)

.debug_info     0x00000000    0x13224
 .debug_info    0x00000000      0x897 CMakeFiles/SGP30.elf.dir/Drivers/STM32F1xx_HAL_Driver/Src/stm32f1xx_hal.c.obj
 .debug_info    0x00000897      0xeac CMakeFiles/SGP30.elf.dir/Drivers/STM32F1xx_HAL_Driver/Src/stm32f1xx_hal_cortex.c.obj
 .debug_info    0x00001743      0x75b CMakeFiles/SGP30.elf.dir/Drivers/STM32F1xx_HAL_Driver/Src/stm32f1xx_hal_gpio.c.obj
 .debug_info    0x00001e9e     0x3b7e CMakeFiles/SGP30.elf.dir/Drivers/STM32F1xx_HAL_Driver/Src/stm32f1xx_hal_i2c.c.obj
 .debug_info    0x00005a1c      0x77b CMakeFiles/SGP30.elf.dir/Drivers/STM32F1xx_HAL_Driver/Src/stm32f1xx_hal_pwr.c.obj
 .debug_info    0x00006197      0xab0 CMakeFiles/SGP30.elf.dir/Drivers/STM32F1xx_HAL_Driver/Src/stm32f1xx_hal_rcc.c.obj
 .debug_info    0x00006c47      0x53e CMakeFiles/SGP30.elf.dir/Drivers/STM32F1xx_HAL_Driver/Src/stm32f1xx_hal_rcc_ex.c.obj
 .debug_info    0x00007185     0x1597 CMakeFiles/SGP30.elf.dir/Drivers/STM32F1xx_HAL_Driver/Src/stm32f1xx_hal_rtc.c.obj
 .debug_info    0x0000871c     0x42e1 CMakeFiles/SGP30.elf.dir/Drivers/STM32F1xx_HAL_Driver/Src/stm32f1xx_hal_uart.c.obj
 .debug_info    0x0000c9fd      0x783 CMakeFiles/SGP30.elf.dir/Src/delay.c.obj
 .debug_info    0x0000d180      0x625 CMakeFiles/SGP30.elf.dir/Src/dht11.c.obj
 .debug_info    0x0000d7a5      0x268 CMakeFiles/SGP30.elf.dir/Src/gpio.c.obj
 .debug_info    0x0000da0d      0xaed CMakeFiles/SGP30.elf.dir/Src/i2c.c.obj
 .debug_info    0x0000e4fa     0x185e CMakeFiles/SGP30.elf.dir/Src/main.c.obj
 .debug_info    0x0000fd58      0x534 CMakeFiles/SGP30.elf.dir/Src/rtc.c.obj
 .debug_info    0x0001028c      0xbee CMakeFiles/SGP30.elf.dir/Src/sgp30.c.obj
 .debug_info    0x00010e7a      0x2fd CMakeFiles/SGP30.elf.dir/Src/stm32f1xx_hal_msp.c.obj
 .debug_info    0x00011177      0x239 CMakeFiles/SGP30.elf.dir/Src/stm32f1xx_it.c.obj
 .debug_info    0x000113b0     0x112a CMakeFiles/SGP30.elf.dir/Src/syscalls.c.obj
 .debug_info    0x000124da      0x2c9 CMakeFiles/SGP30.elf.dir/Src/system_stm32f1xx.c.obj
 .debug_info    0x000127a3      0xa5f CMakeFiles/SGP30.elf.dir/Src/usart.c.obj
 .debug_info    0x00013202       0x22 CMakeFiles/SGP30.elf.dir/startup/startup_stm32f103xe.s.obj

.debug_abbrev   0x00000000     0x2c44
 .debug_abbrev  0x00000000      0x219 CMakeFiles/SGP30.elf.dir/Drivers/STM32F1xx_HAL_Driver/Src/stm32f1xx_hal.c.obj
 .debug_abbrev  0x00000219      0x367 CMakeFiles/SGP30.elf.dir/Drivers/STM32F1xx_HAL_Driver/Src/stm32f1xx_hal_cortex.c.obj
 .debug_abbrev  0x00000580      0x213 CMakeFiles/SGP30.elf.dir/Drivers/STM32F1xx_HAL_Driver/Src/stm32f1xx_hal_gpio.c.obj
 .debug_abbrev  0x00000793      0x2bf CMakeFiles/SGP30.elf.dir/Drivers/STM32F1xx_HAL_Driver/Src/stm32f1xx_hal_i2c.c.obj
 .debug_abbrev  0x00000a52      0x204 CMakeFiles/SGP30.elf.dir/Drivers/STM32F1xx_HAL_Driver/Src/stm32f1xx_hal_pwr.c.obj
 .debug_abbrev  0x00000c56      0x28d CMakeFiles/SGP30.elf.dir/Drivers/STM32F1xx_HAL_Driver/Src/stm32f1xx_hal_rcc.c.obj
 .debug_abbrev  0x00000ee3      0x1f8 CMakeFiles/SGP30.elf.dir/Drivers/STM32F1xx_HAL_Driver/Src/stm32f1xx_hal_rcc_ex.c.obj
 .debug_abbrev  0x000010db      0x22e CMakeFiles/SGP30.elf.dir/Drivers/STM32F1xx_HAL_Driver/Src/stm32f1xx_hal_rtc.c.obj
 .debug_abbrev  0x00001309      0x315 CMakeFiles/SGP30.elf.dir/Drivers/STM32F1xx_HAL_Driver/Src/stm32f1xx_hal_uart.c.obj
 .debug_abbrev  0x0000161e      0x1c2 CMakeFiles/SGP30.elf.dir/Src/delay.c.obj
 .debug_abbrev  0x000017e0      0x20e CMakeFiles/SGP30.elf.dir/Src/dht11.c.obj
 .debug_abbrev  0x000019ee      0x11a CMakeFiles/SGP30.elf.dir/Src/gpio.c.obj
 .debug_abbrev  0x00001b08      0x201 CMakeFiles/SGP30.elf.dir/Src/i2c.c.obj
 .debug_abbrev  0x00001d09      0x2d5 CMakeFiles/SGP30.elf.dir/Src/main.c.obj
 .debug_abbrev  0x00001fde      0x1ba CMakeFiles/SGP30.elf.dir/Src/rtc.c.obj
 .debug_abbrev  0x00002198      0x1ef CMakeFiles/SGP30.elf.dir/Src/sgp30.c.obj
 .debug_abbrev  0x00002387      0x12e CMakeFiles/SGP30.elf.dir/Src/stm32f1xx_hal_msp.c.obj
 .debug_abbrev  0x000024b5       0xef CMakeFiles/SGP30.elf.dir/Src/stm32f1xx_it.c.obj
 .debug_abbrev  0x000025a4      0x31e CMakeFiles/SGP30.elf.dir/Src/syscalls.c.obj
 .debug_abbrev  0x000028c2      0x151 CMakeFiles/SGP30.elf.dir/Src/system_stm32f1xx.c.obj
 .debug_abbrev  0x00002a13      0x21f CMakeFiles/SGP30.elf.dir/Src/usart.c.obj
 .debug_abbrev  0x00002c32       0x12 CMakeFiles/SGP30.elf.dir/startup/startup_stm32f103xe.s.obj

.debug_loc      0x00000000     0xc43a
 .debug_loc     0x00000000      0x141 CMakeFiles/SGP30.elf.dir/Drivers/STM32F1xx_HAL_Driver/Src/stm32f1xx_hal.c.obj
 .debug_loc     0x00000141      0x71f CMakeFiles/SGP30.elf.dir/Drivers/STM32F1xx_HAL_Driver/Src/stm32f1xx_hal_cortex.c.obj
 .debug_loc     0x00000860      0x45b CMakeFiles/SGP30.elf.dir/Drivers/STM32F1xx_HAL_Driver/Src/stm32f1xx_hal_gpio.c.obj
 .debug_loc     0x00000cbb     0x4129 CMakeFiles/SGP30.elf.dir/Drivers/STM32F1xx_HAL_Driver/Src/stm32f1xx_hal_i2c.c.obj
 .debug_loc     0x00004de4      0x142 CMakeFiles/SGP30.elf.dir/Drivers/STM32F1xx_HAL_Driver/Src/stm32f1xx_hal_pwr.c.obj
 .debug_loc     0x00004f26      0x5e7 CMakeFiles/SGP30.elf.dir/Drivers/STM32F1xx_HAL_Driver/Src/stm32f1xx_hal_rcc.c.obj
 .debug_loc     0x0000550d      0x3c6 CMakeFiles/SGP30.elf.dir/Drivers/STM32F1xx_HAL_Driver/Src/stm32f1xx_hal_rcc_ex.c.obj
 .debug_loc     0x000058d3     0x17c6 CMakeFiles/SGP30.elf.dir/Drivers/STM32F1xx_HAL_Driver/Src/stm32f1xx_hal_rtc.c.obj
 .debug_loc     0x00007099     0x487b CMakeFiles/SGP30.elf.dir/Drivers/STM32F1xx_HAL_Driver/Src/stm32f1xx_hal_uart.c.obj
 .debug_loc     0x0000b914       0x74 CMakeFiles/SGP30.elf.dir/Src/delay.c.obj
 .debug_loc     0x0000b988      0x14e CMakeFiles/SGP30.elf.dir/Src/dht11.c.obj
 .debug_loc     0x0000bad6      0x101 CMakeFiles/SGP30.elf.dir/Src/i2c.c.obj
 .debug_loc     0x0000bbd7       0x67 CMakeFiles/SGP30.elf.dir/Src/main.c.obj
 .debug_loc     0x0000bc3e       0x25 CMakeFiles/SGP30.elf.dir/Src/rtc.c.obj
 .debug_loc     0x0000bc63      0x1ac CMakeFiles/SGP30.elf.dir/Src/sgp30.c.obj
 .debug_loc     0x0000be0f       0x15 CMakeFiles/SGP30.elf.dir/Src/stm32f1xx_hal_msp.c.obj
 .debug_loc     0x0000be24      0x436 CMakeFiles/SGP30.elf.dir/Src/syscalls.c.obj
 .debug_loc     0x0000c25a       0xff CMakeFiles/SGP30.elf.dir/Src/system_stm32f1xx.c.obj
 .debug_loc     0x0000c359       0xe1 CMakeFiles/SGP30.elf.dir/Src/usart.c.obj

.debug_aranges  0x00000000      0xc58
 .debug_aranges
                0x00000000       0xe0 CMakeFiles/SGP30.elf.dir/Drivers/STM32F1xx_HAL_Driver/Src/stm32f1xx_hal.c.obj
 .debug_aranges
                0x000000e0       0x90 CMakeFiles/SGP30.elf.dir/Drivers/STM32F1xx_HAL_Driver/Src/stm32f1xx_hal_cortex.c.obj
 .debug_aranges
                0x00000170       0x58 CMakeFiles/SGP30.elf.dir/Drivers/STM32F1xx_HAL_Driver/Src/stm32f1xx_hal_gpio.c.obj
 .debug_aranges
                0x000001c8      0x2a8 CMakeFiles/SGP30.elf.dir/Drivers/STM32F1xx_HAL_Driver/Src/stm32f1xx_hal_i2c.c.obj
 .debug_aranges
                0x00000470       0xa8 CMakeFiles/SGP30.elf.dir/Drivers/STM32F1xx_HAL_Driver/Src/stm32f1xx_hal_pwr.c.obj
 .debug_aranges
                0x00000518       0x90 CMakeFiles/SGP30.elf.dir/Drivers/STM32F1xx_HAL_Driver/Src/stm32f1xx_hal_rcc.c.obj
 .debug_aranges
                0x000005a8       0x30 CMakeFiles/SGP30.elf.dir/Drivers/STM32F1xx_HAL_Driver/Src/stm32f1xx_hal_rcc_ex.c.obj
 .debug_aranges
                0x000005d8       0xf8 CMakeFiles/SGP30.elf.dir/Drivers/STM32F1xx_HAL_Driver/Src/stm32f1xx_hal_rtc.c.obj
 .debug_aranges
                0x000006d0      0x208 CMakeFiles/SGP30.elf.dir/Drivers/STM32F1xx_HAL_Driver/Src/stm32f1xx_hal_uart.c.obj
 .debug_aranges
                0x000008d8       0x30 CMakeFiles/SGP30.elf.dir/Src/delay.c.obj
 .debug_aranges
                0x00000908       0x58 CMakeFiles/SGP30.elf.dir/Src/dht11.c.obj
 .debug_aranges
                0x00000960       0x20 CMakeFiles/SGP30.elf.dir/Src/gpio.c.obj
 .debug_aranges
                0x00000980       0x38 CMakeFiles/SGP30.elf.dir/Src/i2c.c.obj
 .debug_aranges
                0x000009b8       0x30 CMakeFiles/SGP30.elf.dir/Src/main.c.obj
 .debug_aranges
                0x000009e8       0x30 CMakeFiles/SGP30.elf.dir/Src/rtc.c.obj
 .debug_aranges
                0x00000a18       0x80 CMakeFiles/SGP30.elf.dir/Src/sgp30.c.obj
 .debug_aranges
                0x00000a98       0x20 CMakeFiles/SGP30.elf.dir/Src/stm32f1xx_hal_msp.c.obj
 .debug_aranges
                0x00000ab8       0x60 CMakeFiles/SGP30.elf.dir/Src/stm32f1xx_it.c.obj
 .debug_aranges
                0x00000b18       0xb0 CMakeFiles/SGP30.elf.dir/Src/syscalls.c.obj
 .debug_aranges
                0x00000bc8       0x28 CMakeFiles/SGP30.elf.dir/Src/system_stm32f1xx.c.obj
 .debug_aranges
                0x00000bf0       0x40 CMakeFiles/SGP30.elf.dir/Src/usart.c.obj
 .debug_aranges
                0x00000c30       0x28 CMakeFiles/SGP30.elf.dir/startup/startup_stm32f103xe.s.obj

.debug_ranges   0x00000000      0xbc8
 .debug_ranges  0x00000000       0xd0 CMakeFiles/SGP30.elf.dir/Drivers/STM32F1xx_HAL_Driver/Src/stm32f1xx_hal.c.obj
 .debug_ranges  0x000000d0       0xe0 CMakeFiles/SGP30.elf.dir/Drivers/STM32F1xx_HAL_Driver/Src/stm32f1xx_hal_cortex.c.obj
 .debug_ranges  0x000001b0       0x48 CMakeFiles/SGP30.elf.dir/Drivers/STM32F1xx_HAL_Driver/Src/stm32f1xx_hal_gpio.c.obj
 .debug_ranges  0x000001f8      0x2b0 CMakeFiles/SGP30.elf.dir/Drivers/STM32F1xx_HAL_Driver/Src/stm32f1xx_hal_i2c.c.obj
 .debug_ranges  0x000004a8       0x98 CMakeFiles/SGP30.elf.dir/Drivers/STM32F1xx_HAL_Driver/Src/stm32f1xx_hal_pwr.c.obj
 .debug_ranges  0x00000540       0xa0 CMakeFiles/SGP30.elf.dir/Drivers/STM32F1xx_HAL_Driver/Src/stm32f1xx_hal_rcc.c.obj
 .debug_ranges  0x000005e0       0x38 CMakeFiles/SGP30.elf.dir/Drivers/STM32F1xx_HAL_Driver/Src/stm32f1xx_hal_rcc_ex.c.obj
 .debug_ranges  0x00000618       0xe8 CMakeFiles/SGP30.elf.dir/Drivers/STM32F1xx_HAL_Driver/Src/stm32f1xx_hal_rtc.c.obj
 .debug_ranges  0x00000700      0x210 CMakeFiles/SGP30.elf.dir/Drivers/STM32F1xx_HAL_Driver/Src/stm32f1xx_hal_uart.c.obj
 .debug_ranges  0x00000910       0x20 CMakeFiles/SGP30.elf.dir/Src/delay.c.obj
 .debug_ranges  0x00000930       0x48 CMakeFiles/SGP30.elf.dir/Src/dht11.c.obj
 .debug_ranges  0x00000978       0x10 CMakeFiles/SGP30.elf.dir/Src/gpio.c.obj
 .debug_ranges  0x00000988       0x28 CMakeFiles/SGP30.elf.dir/Src/i2c.c.obj
 .debug_ranges  0x000009b0       0x20 CMakeFiles/SGP30.elf.dir/Src/main.c.obj
 .debug_ranges  0x000009d0       0x20 CMakeFiles/SGP30.elf.dir/Src/rtc.c.obj
 .debug_ranges  0x000009f0       0x70 CMakeFiles/SGP30.elf.dir/Src/sgp30.c.obj
 .debug_ranges  0x00000a60       0x10 CMakeFiles/SGP30.elf.dir/Src/stm32f1xx_hal_msp.c.obj
 .debug_ranges  0x00000a70       0x50 CMakeFiles/SGP30.elf.dir/Src/stm32f1xx_it.c.obj
 .debug_ranges  0x00000ac0       0xa0 CMakeFiles/SGP30.elf.dir/Src/syscalls.c.obj
 .debug_ranges  0x00000b60       0x18 CMakeFiles/SGP30.elf.dir/Src/system_stm32f1xx.c.obj
 .debug_ranges  0x00000b78       0x30 CMakeFiles/SGP30.elf.dir/Src/usart.c.obj
 .debug_ranges  0x00000ba8       0x20 CMakeFiles/SGP30.elf.dir/startup/startup_stm32f103xe.s.obj

.debug_line     0x00000000    0x102a8
 .debug_line    0x00000000      0x566 CMakeFiles/SGP30.elf.dir/Drivers/STM32F1xx_HAL_Driver/Src/stm32f1xx_hal.c.obj
 .debug_line    0x00000566      0x6bc CMakeFiles/SGP30.elf.dir/Drivers/STM32F1xx_HAL_Driver/Src/stm32f1xx_hal_cortex.c.obj
 .debug_line    0x00000c22      0x67c CMakeFiles/SGP30.elf.dir/Drivers/STM32F1xx_HAL_Driver/Src/stm32f1xx_hal_gpio.c.obj
 .debug_line    0x0000129e     0x5628 CMakeFiles/SGP30.elf.dir/Drivers/STM32F1xx_HAL_Driver/Src/stm32f1xx_hal_i2c.c.obj
 .debug_line    0x000068c6      0x4c1 CMakeFiles/SGP30.elf.dir/Drivers/STM32F1xx_HAL_Driver/Src/stm32f1xx_hal_pwr.c.obj
 .debug_line    0x00006d87      0xc75 CMakeFiles/SGP30.elf.dir/Drivers/STM32F1xx_HAL_Driver/Src/stm32f1xx_hal_rcc.c.obj
 .debug_line    0x000079fc      0x52b CMakeFiles/SGP30.elf.dir/Drivers/STM32F1xx_HAL_Driver/Src/stm32f1xx_hal_rcc_ex.c.obj
 .debug_line    0x00007f27     0x11d3 CMakeFiles/SGP30.elf.dir/Drivers/STM32F1xx_HAL_Driver/Src/stm32f1xx_hal_rtc.c.obj
 .debug_line    0x000090fa     0x43fd CMakeFiles/SGP30.elf.dir/Drivers/STM32F1xx_HAL_Driver/Src/stm32f1xx_hal_uart.c.obj
 .debug_line    0x0000d4f7      0x2f2 CMakeFiles/SGP30.elf.dir/Src/delay.c.obj
 .debug_line    0x0000d7e9      0x467 CMakeFiles/SGP30.elf.dir/Src/dht11.c.obj
 .debug_line    0x0000dc50      0x20a CMakeFiles/SGP30.elf.dir/Src/gpio.c.obj
 .debug_line    0x0000de5a      0x436 CMakeFiles/SGP30.elf.dir/Src/i2c.c.obj
 .debug_line    0x0000e290      0x5d7 CMakeFiles/SGP30.elf.dir/Src/main.c.obj
 .debug_line    0x0000e867      0x2ff CMakeFiles/SGP30.elf.dir/Src/rtc.c.obj
 .debug_line    0x0000eb66      0x549 CMakeFiles/SGP30.elf.dir/Src/sgp30.c.obj
 .debug_line    0x0000f0af      0x21d CMakeFiles/SGP30.elf.dir/Src/stm32f1xx_hal_msp.c.obj
 .debug_line    0x0000f2cc      0x2e9 CMakeFiles/SGP30.elf.dir/Src/stm32f1xx_it.c.obj
 .debug_line    0x0000f5b5      0x522 CMakeFiles/SGP30.elf.dir/Src/syscalls.c.obj
 .debug_line    0x0000fad7      0x2d1 CMakeFiles/SGP30.elf.dir/Src/system_stm32f1xx.c.obj
 .debug_line    0x0000fda8      0x46d CMakeFiles/SGP30.elf.dir/Src/usart.c.obj
 .debug_line    0x00010215       0x93 CMakeFiles/SGP30.elf.dir/startup/startup_stm32f103xe.s.obj

.debug_str      0x00000000     0x3b3c
 .debug_str     0x00000000      0x932 CMakeFiles/SGP30.elf.dir/Drivers/STM32F1xx_HAL_Driver/Src/stm32f1xx_hal.c.obj
                                0x99b (size before relaxing)
 .debug_str     0x00000932      0x3d8 CMakeFiles/SGP30.elf.dir/Drivers/STM32F1xx_HAL_Driver/Src/stm32f1xx_hal_cortex.c.obj
                                0xab7 (size before relaxing)
 .debug_str     0x00000d0a      0x1dc CMakeFiles/SGP30.elf.dir/Drivers/STM32F1xx_HAL_Driver/Src/stm32f1xx_hal_gpio.c.obj
                                0x524 (size before relaxing)
 .debug_str     0x00000ee6      0xd53 CMakeFiles/SGP30.elf.dir/Drivers/STM32F1xx_HAL_Driver/Src/stm32f1xx_hal_i2c.c.obj
                               0x10c7 (size before relaxing)
 .debug_str     0x00001c39      0x24b CMakeFiles/SGP30.elf.dir/Drivers/STM32F1xx_HAL_Driver/Src/stm32f1xx_hal_pwr.c.obj
                                0x5ad (size before relaxing)
 .debug_str     0x00001e84      0x302 CMakeFiles/SGP30.elf.dir/Drivers/STM32F1xx_HAL_Driver/Src/stm32f1xx_hal_rcc.c.obj
                                0x706 (size before relaxing)
 .debug_str     0x00002186      0x164 CMakeFiles/SGP30.elf.dir/Drivers/STM32F1xx_HAL_Driver/Src/stm32f1xx_hal_rcc_ex.c.obj
                                0x523 (size before relaxing)
 .debug_str     0x000022ea      0x502 CMakeFiles/SGP30.elf.dir/Drivers/STM32F1xx_HAL_Driver/Src/stm32f1xx_hal_rtc.c.obj
                                0x8cc (size before relaxing)
 .debug_str     0x000027ec      0x841 CMakeFiles/SGP30.elf.dir/Drivers/STM32F1xx_HAL_Driver/Src/stm32f1xx_hal_uart.c.obj
                                0xe06 (size before relaxing)
 .debug_str     0x0000302d       0x4d CMakeFiles/SGP30.elf.dir/Src/delay.c.obj
                                0x7c3 (size before relaxing)
 .debug_str     0x0000307a       0xa4 CMakeFiles/SGP30.elf.dir/Src/dht11.c.obj
                                0x419 (size before relaxing)
 .debug_str     0x0000311e       0x2e CMakeFiles/SGP30.elf.dir/Src/gpio.c.obj
                                0x304 (size before relaxing)
 .debug_str     0x0000314c       0x6e CMakeFiles/SGP30.elf.dir/Src/i2c.c.obj
                                0x882 (size before relaxing)
 .debug_str     0x000031ba      0x45f CMakeFiles/SGP30.elf.dir/Src/main.c.obj
                               0x115a (size before relaxing)
 .debug_str     0x00003619       0x2a CMakeFiles/SGP30.elf.dir/Src/rtc.c.obj
                                0x4f5 (size before relaxing)
 .debug_str     0x00003643       0xca CMakeFiles/SGP30.elf.dir/Src/sgp30.c.obj
                                0x480 (size before relaxing)
 .debug_str     0x0000370d       0x2e CMakeFiles/SGP30.elf.dir/Src/stm32f1xx_hal_msp.c.obj
                                0x33e (size before relaxing)
 .debug_str     0x0000373b       0xb9 CMakeFiles/SGP30.elf.dir/Src/stm32f1xx_it.c.obj
                                0x355 (size before relaxing)
 .debug_str     0x000037f4      0x279 CMakeFiles/SGP30.elf.dir/Src/syscalls.c.obj
                                0x868 (size before relaxing)
 .debug_str     0x00003a6d       0x60 CMakeFiles/SGP30.elf.dir/Src/system_stm32f1xx.c.obj
                                0x335 (size before relaxing)
 .debug_str     0x00003acd       0x2d CMakeFiles/SGP30.elf.dir/Src/usart.c.obj
                                0x807 (size before relaxing)
 .debug_str     0x00003afa       0x42 CMakeFiles/SGP30.elf.dir/startup/startup_stm32f103xe.s.obj
                                 0x6a (size before relaxing)

.comment        0x00000000       0x79
 .comment       0x00000000       0x79 CMakeFiles/SGP30.elf.dir/Drivers/STM32F1xx_HAL_Driver/Src/stm32f1xx_hal.c.obj
                                 0x7a (size before relaxing)
 .comment       0x00000079       0x7a CMakeFiles/SGP30.elf.dir/Drivers/STM32F1xx_HAL_Driver/Src/stm32f1xx_hal_cortex.c.obj
 .comment       0x00000079       0x7a CMakeFiles/SGP30.elf.dir/Drivers/STM32F1xx_HAL_Driver/Src/stm32f1xx_hal_gpio.c.obj
 .comment       0x00000079       0x7a CMakeFiles/SGP30.elf.dir/Drivers/STM32F1xx_HAL_Driver/Src/stm32f1xx_hal_i2c.c.obj
 .comment       0x00000079       0x7a CMakeFiles/SGP30.elf.dir/Drivers/STM32F1xx_HAL_Driver/Src/stm32f1xx_hal_pwr.c.obj
 .comment       0x00000079       0x7a CMakeFiles/SGP30.elf.dir/Drivers/STM32F1xx_HAL_Driver/Src/stm32f1xx_hal_rcc.c.obj
 .comment       0x00000079       0x7a CMakeFiles/SGP30.elf.dir/Drivers/STM32F1xx_HAL_Driver/Src/stm32f1xx_hal_rcc_ex.c.obj
 .comment       0x00000079       0x7a CMakeFiles/SGP30.elf.dir/Drivers/STM32F1xx_HAL_Driver/Src/stm32f1xx_hal_rtc.c.obj
 .comment       0x00000079       0x7a CMakeFiles/SGP30.elf.dir/Drivers/STM32F1xx_HAL_Driver/Src/stm32f1xx_hal_uart.c.obj
 .comment       0x00000079       0x7a CMakeFiles/SGP30.elf.dir/Src/delay.c.obj
 .comment       0x00000079       0x7a CMakeFiles/SGP30.elf.dir/Src/dht11.c.obj
 .comment       0x00000079       0x7a CMakeFiles/SGP30.elf.dir/Src/gpio.c.obj
 .comment       0x00000079       0x7a CMakeFiles/SGP30.elf.dir/Src/i2c.c.obj
 .comment       0x00000079       0x7a CMakeFiles/SGP30.elf.dir/Src/main.c.obj
 .comment       0x00000079       0x7a CMakeFiles/SGP30.elf.dir/Src/rtc.c.obj
 .comment       0x00000079       0x7a CMakeFiles/SGP30.elf.dir/Src/sgp30.c.obj
 .comment       0x00000079       0x7a CMakeFiles/SGP30.elf.dir/Src/stm32f1xx_hal_msp.c.obj
 .comment       0x00000079       0x7a CMakeFiles/SGP30.elf.dir/Src/stm32f1xx_it.c.obj
 .comment       0x00000079       0x7a CMakeFiles/SGP30.elf.dir/Src/syscalls.c.obj
 .comment       0x00000079       0x7a CMakeFiles/SGP30.elf.dir/Src/system_stm32f1xx.c.obj
 .comment       0x00000079       0x7a CMakeFiles/SGP30.elf.dir/Src/usart.c.obj

.debug_frame    0x00000000     0x3450
 .debug_frame   0x00000000      0x1cc CMakeFiles/SGP30.elf.dir/Drivers/STM32F1xx_HAL_Driver/Src/stm32f1xx_hal.c.obj
 .debug_frame   0x000001cc      0x12c CMakeFiles/SGP30.elf.dir/Drivers/STM32F1xx_HAL_Driver/Src/stm32f1xx_hal_cortex.c.obj
 .debug_frame   0x000002f8       0xe8 CMakeFiles/SGP30.elf.dir/Drivers/STM32F1xx_HAL_Driver/Src/stm32f1xx_hal_gpio.c.obj
 .debug_frame   0x000003e0      0x988 CMakeFiles/SGP30.elf.dir/Drivers/STM32F1xx_HAL_Driver/Src/stm32f1xx_hal_i2c.c.obj
 .debug_frame   0x00000d68      0x140 CMakeFiles/SGP30.elf.dir/Drivers/STM32F1xx_HAL_Driver/Src/stm32f1xx_hal_pwr.c.obj